Archive member included to satisfy reference by file (symbol)

c:/vsarm/armcc/12977f~1.2mp/bin/../lib/gcc/arm-none-eabi/12.2.1/thumb/v6-m/nofp\libgcc.a(_dvmd_tls.o)
                              CMakeFiles/sd_fat_spi.dir/C_/VSARM/sdk/pico/pico-sdk/src/rp2_common/pico_divider/divider.S.obj (__aeabi_idiv0)
c:/vsarm/armcc/12977f~1.2mp/bin/../lib/gcc/arm-none-eabi/12.2.1/thumb/v6-m/nofp\libg.a(libc_a-calloc.o)
                              CMakeFiles/sd_fat_spi.dir/C_/VSARM/sdk/pico/pico-sdk/src/rp2_common/pico_malloc/pico_malloc.c.obj (calloc)
c:/vsarm/armcc/12977f~1.2mp/bin/../lib/gcc/arm-none-eabi/12.2.1/thumb/v6-m/nofp\libg.a(libc_a-callocr.o)
                              c:/vsarm/armcc/12977f~1.2mp/bin/../lib/gcc/arm-none-eabi/12.2.1/thumb/v6-m/nofp\libg.a(libc_a-calloc.o) (_calloc_r)
c:/vsarm/armcc/12977f~1.2mp/bin/../lib/gcc/arm-none-eabi/12.2.1/thumb/v6-m/nofp\libg.a(libc_a-malloc.o)
                              CMakeFiles/sd_fat_spi.dir/C_/VSARM/sdk/pico/pico-sdk/src/rp2_common/pico_malloc/pico_malloc.c.obj (malloc)
c:/vsarm/armcc/12977f~1.2mp/bin/../lib/gcc/arm-none-eabi/12.2.1/thumb/v6-m/nofp\libg.a(libc_a-mallocr.o)
                              c:/vsarm/armcc/12977f~1.2mp/bin/../lib/gcc/arm-none-eabi/12.2.1/thumb/v6-m/nofp\libg.a(libc_a-callocr.o) (_malloc_r)
c:/vsarm/armcc/12977f~1.2mp/bin/../lib/gcc/arm-none-eabi/12.2.1/thumb/v6-m/nofp\libg.a(libc_a-mlock.o)
                              c:/vsarm/armcc/12977f~1.2mp/bin/../lib/gcc/arm-none-eabi/12.2.1/thumb/v6-m/nofp\libg.a(libc_a-mallocr.o) (__malloc_lock)
c:/vsarm/armcc/12977f~1.2mp/bin/../lib/gcc/arm-none-eabi/12.2.1/thumb/v6-m/nofp\libg.a(libc_a-realloc.o)
                              CMakeFiles/sd_fat_spi.dir/C_/VSARM/sdk/pico/pico-sdk/src/rp2_common/pico_malloc/pico_malloc.c.obj (realloc)
c:/vsarm/armcc/12977f~1.2mp/bin/../lib/gcc/arm-none-eabi/12.2.1/thumb/v6-m/nofp\libg.a(libc_a-reallocr.o)
                              c:/vsarm/armcc/12977f~1.2mp/bin/../lib/gcc/arm-none-eabi/12.2.1/thumb/v6-m/nofp\libg.a(libc_a-realloc.o) (_realloc_r)
c:/vsarm/armcc/12977f~1.2mp/bin/../lib/gcc/arm-none-eabi/12.2.1/thumb/v6-m/nofp\libg.a(libc_a-fflush.o)
                              CMakeFiles/sd_fat_spi.dir/lib/no-OS-FatFS-SD-SPI-RPi-Pico/FatFs_SPI/sd_driver/demo_logging.c.obj (fflush)
c:/vsarm/armcc/12977f~1.2mp/bin/../lib/gcc/arm-none-eabi/12.2.1/thumb/v6-m/nofp\libg.a(libc_a-findfp.o)
                              c:/vsarm/armcc/12977f~1.2mp/bin/../lib/gcc/arm-none-eabi/12.2.1/thumb/v6-m/nofp\libg.a(libc_a-fflush.o) (__sglue)
c:/vsarm/armcc/12977f~1.2mp/bin/../lib/gcc/arm-none-eabi/12.2.1/thumb/v6-m/nofp\libg.a(libc_a-fwalk.o)
                              c:/vsarm/armcc/12977f~1.2mp/bin/../lib/gcc/arm-none-eabi/12.2.1/thumb/v6-m/nofp\libg.a(libc_a-fflush.o) (_fwalk_sglue)
c:/vsarm/armcc/12977f~1.2mp/bin/../lib/gcc/arm-none-eabi/12.2.1/thumb/v6-m/nofp\libg.a(libc_a-stdio.o)
                              c:/vsarm/armcc/12977f~1.2mp/bin/../lib/gcc/arm-none-eabi/12.2.1/thumb/v6-m/nofp\libg.a(libc_a-findfp.o) (__sread)
c:/vsarm/armcc/12977f~1.2mp/bin/../lib/gcc/arm-none-eabi/12.2.1/thumb/v6-m/nofp\libg.a(libc_a-memcmp.o)
                              CMakeFiles/sd_fat_spi.dir/lib/no-OS-FatFS-SD-SPI-RPi-Pico/FatFs_SPI/ff15/source/ff.c.obj (memcmp)
c:/vsarm/armcc/12977f~1.2mp/bin/../lib/gcc/arm-none-eabi/12.2.1/thumb/v6-m/nofp\libg.a(libc_a-memmove.o)
                              c:/vsarm/armcc/12977f~1.2mp/bin/../lib/gcc/arm-none-eabi/12.2.1/thumb/v6-m/nofp\libg.a(libc_a-reallocr.o) (memmove)
c:/vsarm/armcc/12977f~1.2mp/bin/../lib/gcc/arm-none-eabi/12.2.1/thumb/v6-m/nofp\libg.a(libc_a-strchr.o)
                              CMakeFiles/sd_fat_spi.dir/lib/no-OS-FatFS-SD-SPI-RPi-Pico/FatFs_SPI/ff15/source/ff.c.obj (strchr)
c:/vsarm/armcc/12977f~1.2mp/bin/../lib/gcc/arm-none-eabi/12.2.1/thumb/v6-m/nofp\libg.a(libc_a-strncpy.o)
                              CMakeFiles/sd_fat_spi.dir/lib/no-OS-FatFS-SD-SPI-RPi-Pico/FatFs_SPI/src/ff_stdio.c.obj (strncpy)
c:/vsarm/armcc/12977f~1.2mp/bin/../lib/gcc/arm-none-eabi/12.2.1/thumb/v6-m/nofp\libg.a(libc_a-mktime.o)
                              CMakeFiles/sd_fat_spi.dir/lib/no-OS-FatFS-SD-SPI-RPi-Pico/FatFs_SPI/src/rtc.c.obj (mktime)
c:/vsarm/armcc/12977f~1.2mp/bin/../lib/gcc/arm-none-eabi/12.2.1/thumb/v6-m/nofp\libg.a(libc_a-tzcalc_limits.o)
                              c:/vsarm/armcc/12977f~1.2mp/bin/../lib/gcc/arm-none-eabi/12.2.1/thumb/v6-m/nofp\libg.a(libc_a-mktime.o) (__tzcalc_limits)
c:/vsarm/armcc/12977f~1.2mp/bin/../lib/gcc/arm-none-eabi/12.2.1/thumb/v6-m/nofp\libg.a(libc_a-tzlock.o)
                              c:/vsarm/armcc/12977f~1.2mp/bin/../lib/gcc/arm-none-eabi/12.2.1/thumb/v6-m/nofp\libg.a(libc_a-mktime.o) (__tz_lock)
c:/vsarm/armcc/12977f~1.2mp/bin/../lib/gcc/arm-none-eabi/12.2.1/thumb/v6-m/nofp\libg.a(libc_a-tzset.o)
                              c:/vsarm/armcc/12977f~1.2mp/bin/../lib/gcc/arm-none-eabi/12.2.1/thumb/v6-m/nofp\libg.a(libc_a-mktime.o) (_tzset_unlocked)
[...]
Memory Configuration

Name             Origin             Length             Attributes
FLASH            0x10000000         0x00200000         xr
RAM              0x20000000         0x00040000         xrw
SCRATCH_X        0x20040000         0x00001000         xrw
SCRATCH_Y        0x20041000         0x00001000         xrw
*default*        0x00000000         0xffffffff

Linker script and memory map

LOAD c:/vsarm/armcc/12977f~1.2mp/bin/../lib/gcc/arm-none-eabi/12.2.1/thumb/v6-m/nofp/crti.o
LOAD c:/vsarm/armcc/12977f~1.2mp/bin/../lib/gcc/arm-none-eabi/12.2.1/thumb/v6-m/nofp/crtbegin.o
LOAD c:/vsarm/armcc/12977f~1.2mp/bin/../lib/gcc/arm-none-eabi/12.2.1/thumb/v6-m/nofp/crt0.o

.flash_begin    0x10000000        0x0
                0x10000000                        __flash_binary_start = .

.boot2          0x10000000      0x100
                0x10000000                        __boot2_start__ = .
 *(.boot2)
 .boot2         0x10000000      0x100 C:\Users\dylan\AppData\Local\Temp\ccqe7aCj.o
                0x10000100                        __boot2_end__ = .
                0x00000001                        ASSERT (((__boot2_end__ - __boot2_start__) == 0x100), ERROR: Pico second stage bootloader must be 256 bytes in size)

.text           0x10000100     0xd5f0
                0x10000100                        __logical_binary_start = .
 *(.vectors)
 .vectors       0x10000100       0xd4 CMakeFiles/sd_fat_spi.dir/C_/VSARM/sdk/pico/pico-sdk/src/rp2_common/pico_standard_link/crt0.S.obj
                0x10000100                __VECTOR_TABLE
                0x10000100                __vectors
                0x100001c0                isr_invalid
                0x100001c0                __default_isrs_start
                0x100001c2                isr_nmi
                0x100001c4                isr_hardfault
                0x100001c6                isr_svcall
                0x100001c8                isr_pendsv
                0x100001ca                isr_systick
                0x100001cc                isr_irq23
                0x100001cc                isr_irq18
                0x100001cc                isr_irq11
                0x100001cc                isr_irq28
                0x100001cc                isr_irq19
                0x100001cc                isr_irq0
                0x100001cc                isr_irq6
                0x100001cc                isr_irq5
                0x100001cc                isr_irq12
                0x100001cc                isr_irq22
                0x100001cc                isr_irq31
                0x100001cc                isr_irq17
                0x100001cc                isr_irq27
                0x100001cc                isr_irq30
                0x100001cc                isr_irq2
                0x100001cc                isr_irq10
                0x100001cc                isr_irq8
                0x100001cc                isr_irq24
                0x100001cc                isr_irq1
                0x100001cc                isr_irq7
                0x100001cc                isr_irq21
                0x100001cc                isr_irq20
                0x100001cc                isr_irq15
                0x100001cc                isr_irq25
                0x100001cc                isr_irq13
                0x100001cc                __unhandled_user_irq
                0x100001cc                isr_irq4
                0x100001cc                isr_irq16
                0x100001cc                isr_irq29
                0x100001cc                isr_irq26
                0x100001cc                __default_isrs_end
                0x100001cc                isr_irq3
                0x100001cc                isr_irq14
                0x100001cc                isr_irq9
                0x100001d2                unhandled_user_irq_num_in_r0
 *(.binary_info_header)
 .binary_info_header
                0x100001d4       0x14 CMakeFiles/sd_fat_spi.dir/C_/VSARM/sdk/pico/pico-sdk/src/rp2_common/pico_standard_link/crt0.S.obj
                0x100001e8                        __binary_info_header_end = .
 *(.reset)
 .reset         0x100001e8       0xa0 CMakeFiles/sd_fat_spi.dir/C_/VSARM/sdk/pico/pico-sdk/src/rp2_common/pico_standard_link/crt0.S.obj
                0x100001e8                _entry_point
 .reset         0x10000288       0x30 CMakeFiles/sd_fat_spi.dir/C_/VSARM/sdk/pico/pico-sdk/src/rp2_common/pico_standard_link/binary_info.c.obj
 *(.init)
 .init          0x100002b8        0x4 c:/vsarm/armcc/12977f~1.2mp/bin/../lib/gcc/arm-none-eabi/12.2.1/thumb/v6-m/nofp/crti.o
                0x100002b8                _init
 *(EXCLUDE_FILE(*libm.a: *libc.a:*lib_a-mem*.o *libgcc.a:) .text*)
 .text.register_tm_clones
                0x100002bc       0x28 c:/vsarm/armcc/12977f~1.2mp/bin/../lib/gcc/arm-none-eabi/12.2.1/thumb/v6-m/nofp/crtbegin.o
 .text.frame_dummy
                0x100002e4       0x24 c:/vsarm/armcc/12977f~1.2mp/bin/../lib/gcc/arm-none-eabi/12.2.1/thumb/v6-m/nofp/crtbegin.o
 .text.main     0x10000308      0x154 CMakeFiles/sd_fat_spi.dir/main.cpp.obj
                0x10000308                main
 .text.sd_get_num
                0x1000045c        0x4 CMakeFiles/sd_fat_spi.dir/hw_config.c.obj
                0x1000045c                sd_get_num
 .text.sd_get_by_num
                0x10000460       0x20 CMakeFiles/sd_fat_spi.dir/hw_config.c.obj
                0x10000460                sd_get_by_num
 .text.spi_get_num
                0x10000480        0x4 CMakeFiles/sd_fat_spi.dir/hw_config.c.obj
                0x10000480                spi_get_num
 .text.spi_get_by_num
                0x10000484       0x1c CMakeFiles/sd_fat_spi.dir/hw_config.c.obj
                0x10000484                spi_get_by_num
 .text.gpio_set_function
                0x100004a0       0x30 CMakeFiles/sd_fat_spi.dir/C_/VSARM/sdk/pico/pico-sdk/src/rp2_common/hardware_gpio/gpio.c.obj
                0x100004a0                gpio_set_function
 .text.gpio_set_pulls
                0x100004d0       0x34 CMakeFiles/sd_fat_spi.dir/C_/VSARM/sdk/pico/pico-sdk/src/rp2_common/hardware_gpio/gpio.c.obj
                0x100004d0                gpio_set_pulls
 .text.gpio_set_drive_strength
                0x10000504       0x20 CMakeFiles/sd_fat_spi.dir/C_/VSARM/sdk/pico/pico-sdk/src/rp2_common/hardware_gpio/gpio.c.obj
                0x10000504                gpio_set_drive_strength
 .text.gpio_init
                0x10000524       0x16 CMakeFiles/sd_fat_spi.dir/C_/VSARM/sdk/pico/pico-sdk/src/rp2_common/hardware_gpio/gpio.c.obj
                0x10000524                gpio_init
 *fill*         0x1000053a        0x2 
 .text.running_on_fpga
                0x1000053c       0x14 CMakeFiles/sd_fat_spi.dir/C_/VSARM/sdk/pico/pico-sdk/src/rp2_common/pico_platform/platform.c.obj
                0x1000053c                running_on_fpga
 .text.hw_claim_lock
                0x10000550       0x18 CMakeFiles/sd_fat_spi.dir/C_/VSARM/sdk/pico/pico-sdk/src/rp2_common/hardware_claim/claim.c.obj
                0x10000550                hw_claim_lock
 .text.hw_claim_unlock
                0x10000568       0x14 CMakeFiles/sd_fat_spi.dir/C_/VSARM/sdk/pico/pico-sdk/src/rp2_common/hardware_claim/claim.c.obj
                0x10000568                hw_claim_unlock
 .text.hw_claim_or_assert
                0x1000057c       0x32 CMakeFiles/sd_fat_spi.dir/C_/VSARM/sdk/pico/pico-sdk/src/rp2_common/hardware_claim/claim.c.obj
                0x1000057c                hw_claim_or_assert
 .text.hw_claim_unused_from_range
                0x100005ae       0x50 CMakeFiles/sd_fat_spi.dir/C_/VSARM/sdk/pico/pico-sdk/src/rp2_common/hardware_claim/claim.c.obj
                0x100005ae                hw_claim_unused_from_range
 *fill*         0x100005fe        0x2 
 .text.spin_locks_reset
                0x10000600       0x20 CMakeFiles/sd_fat_spi.dir/C_/VSARM/sdk/pico/pico-sdk/src/rp2_common/hardware_sync/sync.c.obj
                0x10000600                spin_locks_reset
 .text.next_striped_spin_lock_num
                0x10000620       0x1c CMakeFiles/sd_fat_spi.dir/C_/VSARM/sdk/pico/pico-sdk/src/rp2_common/hardware_sync/sync.c.obj
                0x10000620                next_striped_spin_lock_num
 .text.spin_lock_claim_unused
                0x1000063c       0x24 CMakeFiles/sd_fat_spi.dir/C_/VSARM/sdk/pico/pico-sdk/src/rp2_common/hardware_sync/sync.c.obj
                0x1000063c                spin_lock_claim_unused
 .text.set_raw_irq_handler_and_unlock
                0x10000660       0x28 CMakeFiles/sd_fat_spi.dir/C_/VSARM/sdk/pico/pico-sdk/src/rp2_common/hardware_irq/irq.c.obj
 .text.resolve_branch
                0x10000688       0x30 CMakeFiles/sd_fat_spi.dir/C_/VSARM/sdk/pico/pico-sdk/src/rp2_common/hardware_irq/irq.c.obj
 .text.make_branch
                0x100006b8       0x48 CMakeFiles/sd_fat_spi.dir/C_/VSARM/sdk/pico/pico-sdk/src/rp2_common/hardware_irq/irq.c.obj
 .text.insert_branch_and_link
                0x10000700       0x40 CMakeFiles/sd_fat_spi.dir/C_/VSARM/sdk/pico/pico-sdk/src/rp2_common/hardware_irq/irq.c.obj
 .text.irq_is_enabled
                0x10000740       0x18 CMakeFiles/sd_fat_spi.dir/C_/VSARM/sdk/pico/pico-sdk/src/rp2_common/hardware_irq/irq.c.obj
                0x10000740                irq_is_enabled
 .text.irq_set_mask_enabled
                0x10000758       0x20 CMakeFiles/sd_fat_spi.dir/C_/VSARM/sdk/pico/pico-sdk/src/rp2_common/hardware_irq/irq.c.obj
                0x10000758                irq_set_mask_enabled
 .text.irq_set_enabled
                0x10000778        0xe CMakeFiles/sd_fat_spi.dir/C_/VSARM/sdk/pico/pico-sdk/src/rp2_common/hardware_irq/irq.c.obj
                0x10000778                irq_set_enabled
 *fill*         0x10000786        0x2 
 .text.irq_set_pending
                0x10000788       0x10 CMakeFiles/sd_fat_spi.dir/C_/VSARM/sdk/pico/pico-sdk/src/rp2_common/hardware_irq/irq.c.obj
                0x10000788                irq_set_pending
 .text.irq_get_vtable_handler
                0x10000798       0x10 CMakeFiles/sd_fat_spi.dir/C_/VSARM/sdk/pico/pico-sdk/src/rp2_common/hardware_irq/irq.c.obj
                0x10000798                irq_get_vtable_handler
 .text.irq_has_shared_handler
                0x100007a8       0x24 CMakeFiles/sd_fat_spi.dir/C_/VSARM/sdk/pico/pico-sdk/src/rp2_common/hardware_irq/irq.c.obj
                0x100007a8                irq_has_shared_handler
 .text.irq_set_exclusive_handler
                0x100007cc       0x54 CMakeFiles/sd_fat_spi.dir/C_/VSARM/sdk/pico/pico-sdk/src/rp2_common/hardware_irq/irq.c.obj
                0x100007cc                irq_set_exclusive_handler
 .text.irq_add_shared_handler
                0x10000820      0x210 CMakeFiles/sd_fat_spi.dir/C_/VSARM/sdk/pico/pico-sdk/src/rp2_common/hardware_irq/irq.c.obj
                0x10000820                irq_add_shared_handler
 .text.irq_remove_handler
                0x10000a30      0x188 CMakeFiles/sd_fat_spi.dir/C_/VSARM/sdk/pico/pico-sdk/src/rp2_common/hardware_irq/irq.c.obj
                0x10000a30                irq_remove_handler
 .text.irq_add_tail_to_free_list
                0x10000bb8       0xf0 CMakeFiles/sd_fat_spi.dir/C_/VSARM/sdk/pico/pico-sdk/src/rp2_common/hardware_irq/irq.c.obj
                0x10000bb8                irq_add_tail_to_free_list
 .text.irq_init_priorities
                0x10000ca8       0x1c CMakeFiles/sd_fat_spi.dir/C_/VSARM/sdk/pico/pico-sdk/src/rp2_common/hardware_irq/irq.c.obj
                0x10000ca8                irq_init_priorities
 .text.user_irq_claim_unused
                0x10000cc4       0x2c CMakeFiles/sd_fat_spi.dir/C_/VSARM/sdk/pico/pico-sdk/src/rp2_common/hardware_irq/irq.c.obj
                0x10000cc4                user_irq_claim_unused
 .text.update_us_since_boot
                0x10000cf0       0x24 CMakeFiles/sd_fat_spi.dir/C_/VSARM/sdk/pico/pico-sdk/src/common/pico_sync/sem.c.obj
 .text.get_absolute_time
                0x10000d14       0x22 CMakeFiles/sd_fat_spi.dir/C_/VSARM/sdk/pico/pico-sdk/src/common/pico_sync/sem.c.obj
 *fill*         0x10000d36        0x2 
 .text.delayed_by_ms
                0x10000d38       0x44 CMakeFiles/sd_fat_spi.dir/C_/VSARM/sdk/pico/pico-sdk/src/common/pico_sync/sem.c.obj
 .text.make_timeout_time_ms
                0x10000d7c       0x20 CMakeFiles/sd_fat_spi.dir/C_/VSARM/sdk/pico/pico-sdk/src/common/pico_sync/sem.c.obj
 .text.sem_init
                0x10000d9c       0x1e CMakeFiles/sd_fat_spi.dir/C_/VSARM/sdk/pico/pico-sdk/src/common/pico_sync/sem.c.obj
                0x10000d9c                sem_init
 *fill*         0x10000dba        0x2 
 .text.lock_init
                0x10000dbc       0x10 CMakeFiles/sd_fat_spi.dir/C_/VSARM/sdk/pico/pico-sdk/src/common/pico_sync/lock_core.c.obj
                0x10000dbc                lock_init
 .text.update_us_since_boot
                0x10000dcc       0x24 CMakeFiles/sd_fat_spi.dir/C_/VSARM/sdk/pico/pico-sdk/src/common/pico_sync/mutex.c.obj
 .text.delayed_by_ms
                0x10000df0       0x44 CMakeFiles/sd_fat_spi.dir/C_/VSARM/sdk/pico/pico-sdk/src/common/pico_sync/mutex.c.obj
 .text.get_absolute_time
                0x10000e34       0x22 CMakeFiles/sd_fat_spi.dir/C_/VSARM/sdk/pico/pico-sdk/src/common/pico_sync/mutex.c.obj
 .text.make_timeout_time_ms
                0x10000e56       0x20 CMakeFiles/sd_fat_spi.dir/C_/VSARM/sdk/pico/pico-sdk/src/common/pico_sync/mutex.c.obj
 .text.mutex_init
                0x10000e76       0x1a CMakeFiles/sd_fat_spi.dir/C_/VSARM/sdk/pico/pico-sdk/src/common/pico_sync/mutex.c.obj
                0x10000e76                mutex_init
 .text.recursive_mutex_init
                0x10000e90       0x1e CMakeFiles/sd_fat_spi.dir/C_/VSARM/sdk/pico/pico-sdk/src/common/pico_sync/mutex.c.obj
                0x10000e90                recursive_mutex_init
 *fill*         0x10000eae        0x2 
 .text.critical_section_init_with_lock_num
                0x10000eb0       0x14 CMakeFiles/sd_fat_spi.dir/C_/VSARM/sdk/pico/pico-sdk/src/common/pico_sync/critical_section.c.obj
                0x10000eb0                critical_section_init_with_lock_num
 .text.critical_section_init
                0x10000ec4       0x14 CMakeFiles/sd_fat_spi.dir/C_/VSARM/sdk/pico/pico-sdk/src/common/pico_sync/critical_section.c.obj
                0x10000ec4                critical_section_init
 .text.time_reached
                0x10000ed8       0x28 CMakeFiles/sd_fat_spi.dir/C_/VSARM/sdk/pico/pico-sdk/src/common/pico_time/time.c.obj
 .text.get_entry
                0x10000f00       0x38 CMakeFiles/sd_fat_spi.dir/C_/VSARM/sdk/pico/pico-sdk/src/common/pico_time/time.c.obj
 .text.timer_pool_entry_comparator
                0x10000f38       0x2e CMakeFiles/sd_fat_spi.dir/C_/VSARM/sdk/pico/pico-sdk/src/common/pico_time/time.c.obj
                0x10000f38                timer_pool_entry_comparator
 *fill*         0x10000f66        0x2 
 .text.update_us_since_boot
                0x10000f68       0x24 CMakeFiles/sd_fat_spi.dir/C_/VSARM/sdk/pico/pico-sdk/src/common/pico_time/time.c.obj
 .text.delayed_by_us
                0x10000f8c       0x34 CMakeFiles/sd_fat_spi.dir/C_/VSARM/sdk/pico/pico-sdk/src/common/pico_time/time.c.obj
 .text.ph_get_node
                0x10000fc0       0x30 CMakeFiles/sd_fat_spi.dir/C_/VSARM/sdk/pico/pico-sdk/src/common/pico_time/time.c.obj
 .text.ph_contains_node
                0x10000ff0       0x1e CMakeFiles/sd_fat_spi.dir/C_/VSARM/sdk/pico/pico-sdk/src/common/pico_time/time.c.obj
 .text.ph_new_node
                0x1000100e       0x28 CMakeFiles/sd_fat_spi.dir/C_/VSARM/sdk/pico/pico-sdk/src/common/pico_time/time.c.obj
 *fill*         0x10001036        0x2 
 .text.ph_add_child_node
                0x10001038       0x6c CMakeFiles/sd_fat_spi.dir/C_/VSARM/sdk/pico/pico-sdk/src/common/pico_time/time.c.obj
 .text.ph_merge_nodes
                0x100010a4       0x3e CMakeFiles/sd_fat_spi.dir/C_/VSARM/sdk/pico/pico-sdk/src/common/pico_time/time.c.obj
 *fill*         0x100010e2        0x2 
 .text.ph_insert_node
                0x100010e4       0x3c CMakeFiles/sd_fat_spi.dir/C_/VSARM/sdk/pico/pico-sdk/src/common/pico_time/time.c.obj
 .text.ph_free_node
                0x10001120       0x5c CMakeFiles/sd_fat_spi.dir/C_/VSARM/sdk/pico/pico-sdk/src/common/pico_time/time.c.obj
 .text.get_entry_id_high
                0x1000117c       0x30 CMakeFiles/sd_fat_spi.dir/C_/VSARM/sdk/pico/pico-sdk/src/common/pico_time/time.c.obj
 .text.alarm_pool_post_alloc_init
                0x100011ac       0x40 CMakeFiles/sd_fat_spi.dir/C_/VSARM/sdk/pico/pico-sdk/src/common/pico_time/time.c.obj
 .text.sleep_until_callback
                0x100011ec       0x30 CMakeFiles/sd_fat_spi.dir/C_/VSARM/sdk/pico/pico-sdk/src/common/pico_time/time.c.obj
 .text.get_absolute_time
                0x1000121c       0x22 CMakeFiles/sd_fat_spi.dir/C_/VSARM/sdk/pico/pico-sdk/src/common/pico_time/time.c.obj
 .text.make_timeout_time_us
                0x1000123e       0x24 CMakeFiles/sd_fat_spi.dir/C_/VSARM/sdk/pico/pico-sdk/src/common/pico_time/time.c.obj
 *fill*         0x10001262        0x2 
 .text.add_alarm_under_lock
                0x10001264       0x94 CMakeFiles/sd_fat_spi.dir/C_/VSARM/sdk/pico/pico-sdk/src/common/pico_time/time.c.obj
 .text.alarm_pool_alarm_callback
                0x100012f8      0x20c CMakeFiles/sd_fat_spi.dir/C_/VSARM/sdk/pico/pico-sdk/src/common/pico_time/time.c.obj
 .text.alarm_pool_init_default
                0x10001504       0x40 CMakeFiles/sd_fat_spi.dir/C_/VSARM/sdk/pico/pico-sdk/src/common/pico_time/time.c.obj
                0x10001504                alarm_pool_init_default
 .text.alarm_pool_get_default
                0x10001544       0x2c CMakeFiles/sd_fat_spi.dir/C_/VSARM/sdk/pico/pico-sdk/src/common/pico_time/time.c.obj
                0x10001544                alarm_pool_get_default
 .text.alarm_pool_add_alarm_at
                0x10001570      0x10e CMakeFiles/sd_fat_spi.dir/C_/VSARM/sdk/pico/pico-sdk/src/common/pico_time/time.c.obj
                0x10001570                alarm_pool_add_alarm_at
 .text.add_alarm_at
                0x1000167e       0x2e CMakeFiles/sd_fat_spi.dir/C_/VSARM/sdk/pico/pico-sdk/src/common/pico_time/time.c.obj
 .text.alarm_pool_cancel_alarm
                0x100016ac       0xa0 CMakeFiles/sd_fat_spi.dir/C_/VSARM/sdk/pico/pico-sdk/src/common/pico_time/time.c.obj
                0x100016ac                alarm_pool_cancel_alarm
 .text.cancel_alarm
                0x1000174c       0x10 CMakeFiles/sd_fat_spi.dir/C_/VSARM/sdk/pico/pico-sdk/src/common/pico_time/time.c.obj
 .text.alarm_pool_core_num
                0x1000175c        0x4 CMakeFiles/sd_fat_spi.dir/C_/VSARM/sdk/pico/pico-sdk/src/common/pico_time/time.c.obj
                0x1000175c                alarm_pool_core_num
 .text.sleep_until
                0x10001760       0xb0 CMakeFiles/sd_fat_spi.dir/C_/VSARM/sdk/pico/pico-sdk/src/common/pico_time/time.c.obj
                0x10001760                sleep_until
 .text.sleep_us
                0x10001810       0x1a CMakeFiles/sd_fat_spi.dir/C_/VSARM/sdk/pico/pico-sdk/src/common/pico_time/time.c.obj
                0x10001810                sleep_us
 .text.sleep_ms
                0x1000182a       0x14 CMakeFiles/sd_fat_spi.dir/C_/VSARM/sdk/pico/pico-sdk/src/common/pico_time/time.c.obj
                0x1000182a                sleep_ms
 *fill*         0x1000183e        0x2 
 .text.best_effort_wfe_or_timeout
                0x10001840       0x44 CMakeFiles/sd_fat_spi.dir/C_/VSARM/sdk/pico/pico-sdk/src/common/pico_time/time.c.obj
                0x10001840                best_effort_wfe_or_timeout
 .text.update_us_since_boot
                0x10001884       0x24 CMakeFiles/sd_fat_spi.dir/C_/VSARM/sdk/pico/pico-sdk/src/rp2_common/hardware_timer/timer.c.obj
 .text.hardware_alarm_irq_handler
                0x100018a8       0x8c CMakeFiles/sd_fat_spi.dir/C_/VSARM/sdk/pico/pico-sdk/src/rp2_common/hardware_timer/timer.c.obj
 .text.hardware_alarm_claim
                0x10001934       0x18 CMakeFiles/sd_fat_spi.dir/C_/VSARM/sdk/pico/pico-sdk/src/rp2_common/hardware_timer/timer.c.obj
                0x10001934                hardware_alarm_claim
 .text.time_us_64
                0x1000194c       0x18 CMakeFiles/sd_fat_spi.dir/C_/VSARM/sdk/pico/pico-sdk/src/rp2_common/hardware_timer/timer.c.obj
                0x1000194c                time_us_64
 .text.busy_wait_until
                0x10001964       0x28 CMakeFiles/sd_fat_spi.dir/C_/VSARM/sdk/pico/pico-sdk/src/rp2_common/hardware_timer/timer.c.obj
                0x10001964                busy_wait_until
 .text.busy_wait_us
                0x1000198c       0x3a CMakeFiles/sd_fat_spi.dir/C_/VSARM/sdk/pico/pico-sdk/src/rp2_common/hardware_timer/timer.c.obj
                0x1000198c                busy_wait_us
 *fill*         0x100019c6        0x2 
 .text.hardware_alarm_set_callback
                0x100019c8       0x90 CMakeFiles/sd_fat_spi.dir/C_/VSARM/sdk/pico/pico-sdk/src/rp2_common/hardware_timer/timer.c.obj
                0x100019c8                hardware_alarm_set_callback
 .text.hardware_alarm_set_target
                0x10001a58       0xe8 CMakeFiles/sd_fat_spi.dir/C_/VSARM/sdk/pico/pico-sdk/src/rp2_common/hardware_timer/timer.c.obj
                0x10001a58                hardware_alarm_set_target
 .text.hardware_alarm_cancel
                0x10001b40       0x40 CMakeFiles/sd_fat_spi.dir/C_/VSARM/sdk/pico/pico-sdk/src/rp2_common/hardware_timer/timer.c.obj
                0x10001b40                hardware_alarm_cancel
 .text.ph_get_node
                0x10001b80       0x30 CMakeFiles/sd_fat_spi.dir/C_/VSARM/sdk/pico/pico-sdk/src/common/pico_util/pheap.c.obj
 .text.ph_add_child_node
                0x10001bb0       0x6c CMakeFiles/sd_fat_spi.dir/C_/VSARM/sdk/pico/pico-sdk/src/common/pico_util/pheap.c.obj
 .text.ph_merge_nodes
                0x10001c1c       0x3e CMakeFiles/sd_fat_spi.dir/C_/VSARM/sdk/pico/pico-sdk/src/common/pico_util/pheap.c.obj
 .text.ph_clear
                0x10001c5a       0x34 CMakeFiles/sd_fat_spi.dir/C_/VSARM/sdk/pico/pico-sdk/src/common/pico_util/pheap.c.obj
                0x10001c5a                ph_clear
 .text.ph_post_alloc_init
                0x10001c8e        0xe CMakeFiles/sd_fat_spi.dir/C_/VSARM/sdk/pico/pico-sdk/src/common/pico_util/pheap.c.obj
                0x10001c8e                ph_post_alloc_init
 .text.ph_merge_two_pass
                0x10001c9c       0x5c CMakeFiles/sd_fat_spi.dir/C_/VSARM/sdk/pico/pico-sdk/src/common/pico_util/pheap.c.obj
                0x10001c9c                ph_merge_two_pass
 .text.ph_remove_any_head
                0x10001cf8       0xc0 CMakeFiles/sd_fat_spi.dir/C_/VSARM/sdk/pico/pico-sdk/src/common/pico_util/pheap.c.obj
 .text.ph_remove_head
                0x10001db8       0x14 CMakeFiles/sd_fat_spi.dir/C_/VSARM/sdk/pico/pico-sdk/src/common/pico_util/pheap.c.obj
                0x10001db8                ph_remove_head
 .text.ph_remove_and_free_node
                0x10001dcc       0xa0 CMakeFiles/sd_fat_spi.dir/C_/VSARM/sdk/pico/pico-sdk/src/common/pico_util/pheap.c.obj
                0x10001dcc                ph_remove_and_free_node
 .text.clock_configure
                0x10001e6c      0x104 CMakeFiles/sd_fat_spi.dir/C_/VSARM/sdk/pico/pico-sdk/src/rp2_common/hardware_clocks/clocks.c.obj
                0x10001e6c                clock_configure
 .text.clocks_init
                0x10001f70      0x100 CMakeFiles/sd_fat_spi.dir/C_/VSARM/sdk/pico/pico-sdk/src/rp2_common/hardware_clocks/clocks.c.obj
                0x10001f70                clocks_init
 .text.clock_get_hz
                0x10002070        0xc CMakeFiles/sd_fat_spi.dir/C_/VSARM/sdk/pico/pico-sdk/src/rp2_common/hardware_clocks/clocks.c.obj
                0x10002070                clock_get_hz
 .text.pll_init
                0x1000207c      0x12c CMakeFiles/sd_fat_spi.dir/C_/VSARM/sdk/pico/pico-sdk/src/rp2_common/hardware_pll/pll.c.obj
                0x1000207c                pll_init
 .text.watchdog_start_tick
                0x100021a8       0x10 CMakeFiles/sd_fat_spi.dir/C_/VSARM/sdk/pico/pico-sdk/src/rp2_common/hardware_watchdog/watchdog.c.obj
                0x100021a8                watchdog_start_tick
 .text.watchdog_update
                0x100021b8       0x14 CMakeFiles/sd_fat_spi.dir/C_/VSARM/sdk/pico/pico-sdk/src/rp2_common/hardware_watchdog/watchdog.c.obj
                0x100021b8                watchdog_update
 .text._watchdog_enable
                0x100021cc       0x78 CMakeFiles/sd_fat_spi.dir/C_/VSARM/sdk/pico/pico-sdk/src/rp2_common/hardware_watchdog/watchdog.c.obj
                0x100021cc                _watchdog_enable
 .text.watchdog_reboot
                0x10002244       0x48 CMakeFiles/sd_fat_spi.dir/C_/VSARM/sdk/pico/pico-sdk/src/rp2_common/hardware_watchdog/watchdog.c.obj
                0x10002244                watchdog_reboot
 .text.xosc_init
                0x1000228c       0x28 CMakeFiles/sd_fat_spi.dir/C_/VSARM/sdk/pico/pico-sdk/src/rp2_common/hardware_xosc/xosc.c.obj
                0x1000228c                xosc_init
 .text._exit    0x100022b4        0x4 CMakeFiles/sd_fat_spi.dir/C_/VSARM/sdk/pico/pico-sdk/src/rp2_common/pico_runtime/runtime.c.obj
                0x100022b4                _exit
 .text._sbrk    0x100022b8       0x38 CMakeFiles/sd_fat_spi.dir/C_/VSARM/sdk/pico/pico-sdk/src/rp2_common/pico_runtime/runtime.c.obj
                0x100022b8                _sbrk
 .text.exit     0x100022f0        0x6 CMakeFiles/sd_fat_spi.dir/C_/VSARM/sdk/pico/pico-sdk/src/rp2_common/pico_runtime/runtime.c.obj
                0x100022f0                exit
 *fill*         0x100022f6        0x2 
 .text.__assert_func
                0x100022f8       0x38 CMakeFiles/sd_fat_spi.dir/C_/VSARM/sdk/pico/pico-sdk/src/rp2_common/pico_runtime/runtime.c.obj
                0x100022f8                __assert_func
 .text.runtime_init
                0x10002330       0xf8 CMakeFiles/sd_fat_spi.dir/C_/VSARM/sdk/pico/pico-sdk/src/rp2_common/pico_runtime/runtime.c.obj
                0x10002330                runtime_init
 .text.panic    0x10002428       0x30 CMakeFiles/sd_fat_spi.dir/C_/VSARM/sdk/pico/pico-sdk/src/rp2_common/pico_runtime/runtime.c.obj
                0x10002428                panic
 .text._out_buffer
                0x10002458        0x8 CMakeFiles/sd_fat_spi.dir/C_/VSARM/sdk/pico/pico-sdk/src/rp2_common/pico_printf/printf.c.obj
 .text._out_null
                0x10002460        0x2 CMakeFiles/sd_fat_spi.dir/C_/VSARM/sdk/pico/pico-sdk/src/rp2_common/pico_printf/printf.c.obj
 .text._out_fct
                0x10002462        0xe CMakeFiles/sd_fat_spi.dir/C_/VSARM/sdk/pico/pico-sdk/src/rp2_common/pico_printf/printf.c.obj
 .text._atoi    0x10002470       0x24 CMakeFiles/sd_fat_spi.dir/C_/VSARM/sdk/pico/pico-sdk/src/rp2_common/pico_printf/printf.c.obj
 .text._out_rev
                0x10002494       0xae CMakeFiles/sd_fat_spi.dir/C_/VSARM/sdk/pico/pico-sdk/src/rp2_common/pico_printf/printf.c.obj
 .text._ntoa_format
                0x10002542      0x110 CMakeFiles/sd_fat_spi.dir/C_/VSARM/sdk/pico/pico-sdk/src/rp2_common/pico_printf/printf.c.obj
 .text._ntoa_long
                0x10002652       0xbc CMakeFiles/sd_fat_spi.dir/C_/VSARM/sdk/pico/pico-sdk/src/rp2_common/pico_printf/printf.c.obj
 .text._ntoa_long_long
                0x1000270e      0x10e CMakeFiles/sd_fat_spi.dir/C_/VSARM/sdk/pico/pico-sdk/src/rp2_common/pico_printf/printf.c.obj
 .text._etoa    0x1000281c      0x420 CMakeFiles/sd_fat_spi.dir/C_/VSARM/sdk/pico/pico-sdk/src/rp2_common/pico_printf/printf.c.obj
 .text._ftoa    0x10002c3c      0x354 CMakeFiles/sd_fat_spi.dir/C_/VSARM/sdk/pico/pico-sdk/src/rp2_common/pico_printf/printf.c.obj
 .text._vsnprintf
                0x10002f90      0x65c CMakeFiles/sd_fat_spi.dir/C_/VSARM/sdk/pico/pico-sdk/src/rp2_common/pico_printf/printf.c.obj
 .text.__wrap_vsnprintf
                0x100035ec       0x1c CMakeFiles/sd_fat_spi.dir/C_/VSARM/sdk/pico/pico-sdk/src/rp2_common/pico_printf/printf.c.obj
                0x100035ec                __wrap_vsnprintf
 .text.vfctprintf
                0x10003608       0x20 CMakeFiles/sd_fat_spi.dir/C_/VSARM/sdk/pico/pico-sdk/src/rp2_common/pico_printf/printf.c.obj
                0x10003608                vfctprintf
 .text          0x10003628       0x10 CMakeFiles/sd_fat_spi.dir/C_/VSARM/sdk/pico/pico-sdk/src/rp2_common/pico_bit_ops/bit_ops_aeabi.S.obj
 .text.rom_func_lookup
                0x10003638       0x10 CMakeFiles/sd_fat_spi.dir/C_/VSARM/sdk/pico/pico-sdk/src/rp2_common/pico_bootrom/bootrom.c.obj
                0x10003638                rom_func_lookup
 .text.rom_data_lookup
                0x10003648       0x10 CMakeFiles/sd_fat_spi.dir/C_/VSARM/sdk/pico/pico-sdk/src/rp2_common/pico_bootrom/bootrom.c.obj
                0x10003648                rom_data_lookup
 .text.rom_funcs_lookup
                0x10003658       0x36 CMakeFiles/sd_fat_spi.dir/C_/VSARM/sdk/pico/pico-sdk/src/rp2_common/pico_bootrom/bootrom.c.obj
                0x10003658                rom_funcs_lookup
 *fill*         0x1000368e        0x2 
 .text.__wrap___aeabi_idiv
                0x10003690       0x50 CMakeFiles/sd_fat_spi.dir/C_/VSARM/sdk/pico/pico-sdk/src/rp2_common/pico_divider/divider.S.obj
                0x10003690                __wrap___aeabi_idivmod
                0x10003690                divmod_s32s32
                0x10003690                div_s32s32
                0x10003690                __wrap___aeabi_idiv
                0x10003698                divmod_s32s32_unsafe
                0x100036c4                divmod_s32s32_savestate
 .text.__wrap___aeabi_uidiv
                0x100036e0       0x4c CMakeFiles/sd_fat_spi.dir/C_/VSARM/sdk/pico/pico-sdk/src/rp2_common/pico_divider/divider.S.obj
                0x100036e0                __wrap___aeabi_uidiv
                0x100036e0                __wrap___aeabi_uidivmod
                0x100036e0                div_u32u32
                0x100036e0                divmod_u32u32
                0x100036e8                divmod_u32u32_unsafe
                0x10003710                divmod_u32u32_savestate
 .text.__wrap___aeabi_ldiv
                0x1000372c      0x424 CMakeFiles/sd_fat_spi.dir/C_/VSARM/sdk/pico/pico-sdk/src/rp2_common/pico_divider/divider.S.obj
                0x1000372c                div_s64s64
                0x1000372c                divmod_s64s64
                0x1000372c                __wrap___aeabi_ldivmod
                0x1000375c                divmod_u64u64
                0x1000375c                div_u64u64
                0x1000375c                __wrap___aeabi_uldivmod
                0x1000376c                divmod_u64u64_savestate
                0x1000378c                divmod_s64s64_unsafe
                0x10003814                divmod_u64u64_unsafe
 .text.__wrap___aeabi_darithmetic
                0x10003b50       0x80 CMakeFiles/sd_fat_spi.dir/C_/VSARM/sdk/pico/pico-sdk/src/rp2_common/pico_double/double_aeabi.S.obj
                0x10003b50                __wrap___aeabi_drsub
                0x10003b56                __wrap___aeabi_dsub
                0x10003b68                __wrap___aeabi_dadd
                0x10003b7a                __wrap___aeabi_ddiv
                0x10003bb6                __wrap___aeabi_dmul
 .text.__wrap___aeabi_cdcmple
                0x10003bd0       0x6c CMakeFiles/sd_fat_spi.dir/C_/VSARM/sdk/pico/pico-sdk/src/rp2_common/pico_double/double_aeabi.S.obj
                0x10003bd0                __wrap___aeabi_cdrcmple
                0x10003be0                __wrap___aeabi_cdcmpeq
                0x10003be0                __wrap___aeabi_cdcmple
 .text.__wrap___aeabi_dcmpeq
                0x10003c3c       0x10 CMakeFiles/sd_fat_spi.dir/C_/VSARM/sdk/pico/pico-sdk/src/rp2_common/pico_double/double_aeabi.S.obj
                0x10003c3c                __wrap___aeabi_dcmpeq
 .text.__wrap___aeabi_dcmplt
                0x10003c4c        0xc CMakeFiles/sd_fat_spi.dir/C_/VSARM/sdk/pico/pico-sdk/src/rp2_common/pico_double/double_aeabi.S.obj
                0x10003c4c                __wrap___aeabi_dcmplt
 .text.__wrap___aeabi_dcmple
                0x10003c58       0x10 CMakeFiles/sd_fat_spi.dir/C_/VSARM/sdk/pico/pico-sdk/src/rp2_common/pico_double/double_aeabi.S.obj
                0x10003c58                __wrap___aeabi_dcmple
 .text.__wrap___aeabi_dcmpge
                0x10003c68       0x10 CMakeFiles/sd_fat_spi.dir/C_/VSARM/sdk/pico/pico-sdk/src/rp2_common/pico_double/double_aeabi.S.obj
                0x10003c68                __wrap___aeabi_dcmpge
 .text.__wrap___aeabi_dcmpgt
                0x10003c78        0xa CMakeFiles/sd_fat_spi.dir/C_/VSARM/sdk/pico/pico-sdk/src/rp2_common/pico_double/double_aeabi.S.obj
                0x10003c78                __wrap___aeabi_dcmpgt
 .text.__wrap___aeabi_dcmpun
                0x10003c82       0x1c CMakeFiles/sd_fat_spi.dir/C_/VSARM/sdk/pico/pico-sdk/src/rp2_common/pico_double/double_aeabi.S.obj
                0x10003c82                __wrap___aeabi_dcmpun
 *fill*         0x10003c9e        0x2 
 .text.__wrap___aeabi_i2d
                0x10003ca0       0x38 CMakeFiles/sd_fat_spi.dir/C_/VSARM/sdk/pico/pico-sdk/src/rp2_common/pico_double/double_aeabi.S.obj
                0x10003ca0                __wrap___aeabi_ui2d
                0x10003ca8                __wrap___aeabi_i2d
 .text.__wrap___aeabi_d2iz
                0x10003cd8       0x48 CMakeFiles/sd_fat_spi.dir/C_/VSARM/sdk/pico/pico-sdk/src/rp2_common/pico_double/double_aeabi.S.obj
                0x10003cd8                double2int_z
                0x10003cd8                __wrap___aeabi_d2iz
 .text.__wrap___aeabi_d2uiz
                0x10003d20       0x18 CMakeFiles/sd_fat_spi.dir/C_/VSARM/sdk/pico/pico-sdk/src/rp2_common/pico_double/double_aeabi.S.obj
                0x10003d20                __wrap___aeabi_d2uiz
                0x10003d20                double2uint
 .text.__aeabi_double_init
                0x10003d38       0xcc CMakeFiles/sd_fat_spi.dir/C_/VSARM/sdk/pico/pico-sdk/src/rp2_common/pico_double/double_init_rom.c.obj
                0x10003d38                __aeabi_double_init
 .text.double_table_shim_on_use_helper
                0x10003e04       0x34 CMakeFiles/sd_fat_spi.dir/C_/VSARM/sdk/pico/pico-sdk/src/rp2_common/pico_double/double_v1_rom_shim.S.obj
                0x10003e04                double_table_shim_on_use_helper
 .text.__wrap___aeabi_dsub
                0x10003e38       0x10 CMakeFiles/sd_fat_spi.dir/C_/VSARM/sdk/pico/pico-sdk/src/rp2_common/pico_double/double_v1_rom_shim.S.obj
                0x10003e38                drsub_shim
                0x10003e3e                dsub_shim
 .text.dadd_shim
                0x10003e48      0x15c CMakeFiles/sd_fat_spi.dir/C_/VSARM/sdk/pico/pico-sdk/src/rp2_common/pico_double/double_v1_rom_shim.S.obj
                0x10003e48                dadd_shim
 .text.dmul_shim
                0x10003fa4      0x15c CMakeFiles/sd_fat_spi.dir/C_/VSARM/sdk/pico/pico-sdk/src/rp2_common/pico_double/double_v1_rom_shim.S.obj
                0x10003fa4                dmul_shim
 .text.ddiv_shim
                0x10004100      0x1b0 CMakeFiles/sd_fat_spi.dir/C_/VSARM/sdk/pico/pico-sdk/src/rp2_common/pico_double/double_v1_rom_shim.S.obj
                0x10004100                ddiv_shim
 .text.double2uint_shim
                0x100042b0        0xe CMakeFiles/sd_fat_spi.dir/C_/VSARM/sdk/pico/pico-sdk/src/rp2_common/pico_double/double_v1_rom_shim.S.obj
                0x100042b0                double2uint_shim
                0x100042b2                double2ufix_shim
 *fill*         0x100042be        0x2 
 .text.double2uint64_shim
                0x100042c0       0x70 CMakeFiles/sd_fat_spi.dir/C_/VSARM/sdk/pico/pico-sdk/src/rp2_common/pico_double/double_v1_rom_shim.S.obj
                0x100042c0                double2uint64_shim
                0x100042c2                double2ufix64_shim
                0x100042e2                d2fix_a
 .text.dunpacks
                0x10004330       0x3c CMakeFiles/sd_fat_spi.dir/C_/VSARM/sdk/pico/pico-sdk/src/rp2_common/pico_double/double_v1_rom_shim.S.obj
                0x10004330                dunpacks
 .text.__aeabi_lmul
                0x1000436c       0x32 CMakeFiles/sd_fat_spi.dir/C_/VSARM/sdk/pico/pico-sdk/src/rp2_common/pico_int64_ops/pico_int64_ops_aeabi.S.obj
                0x1000436c                __wrap___aeabi_lmul
 *fill*         0x1000439e        0x2 
 .text.__aeabi_float_init
                0x100043a0       0xfc CMakeFiles/sd_fat_spi.dir/C_/VSARM/sdk/pico/pico-sdk/src/rp2_common/pico_float/float_init_rom.c.obj
                0x100043a0                __aeabi_float_init
 .text.float_table_shim_on_use_helper
                0x1000449c       0x34 CMakeFiles/sd_fat_spi.dir/C_/VSARM/sdk/pico/pico-sdk/src/rp2_common/pico_float/float_v1_rom_shim.S.obj
                0x1000449c                float_table_shim_on_use_helper
 .text.check_alloc
                0x100044d0       0x20 CMakeFiles/sd_fat_spi.dir/C_/VSARM/sdk/pico/pico-sdk/src/rp2_common/pico_malloc/pico_malloc.c.obj
 .text.__wrap_malloc
                0x100044f0       0x14 CMakeFiles/sd_fat_spi.dir/C_/VSARM/sdk/pico/pico-sdk/src/rp2_common/pico_malloc/pico_malloc.c.obj
                0x100044f0                __wrap_malloc
 .text.__wrap_free
                0x10004504        0x8 CMakeFiles/sd_fat_spi.dir/C_/VSARM/sdk/pico/pico-sdk/src/rp2_common/pico_malloc/pico_malloc.c.obj
                0x10004504                __wrap_free
 .text          0x1000450c       0x10 CMakeFiles/sd_fat_spi.dir/C_/VSARM/sdk/pico/pico-sdk/src/rp2_common/pico_mem_ops/mem_ops_aeabi.S.obj
                0x1000450c                __aeabi_mem_init
 .text.memset   0x1000451c        0xc CMakeFiles/sd_fat_spi.dir/C_/VSARM/sdk/pico/pico-sdk/src/rp2_common/pico_mem_ops/mem_ops_aeabi.S.obj
                0x1000451c                __wrap_memset
 .text.memcpy   0x10004528        0xc CMakeFiles/sd_fat_spi.dir/C_/VSARM/sdk/pico/pico-sdk/src/rp2_common/pico_mem_ops/mem_ops_aeabi.S.obj
                0x10004528                __wrap_memcpy
                0x10004528                __wrap___aeabi_memcpy
 .text.time_reached
                0x10004534       0x28 CMakeFiles/sd_fat_spi.dir/C_/VSARM/sdk/pico/pico-sdk/src/rp2_common/pico_stdio/stdio.c.obj
 .text.stdio_out_chars_no_crlf
                0x1000455c        0xe CMakeFiles/sd_fat_spi.dir/C_/VSARM/sdk/pico/pico-sdk/src/rp2_common/pico_stdio/stdio.c.obj
 *fill*         0x1000456a        0x2 
 .text.stdio_out_chars_crlf
                0x1000456c       0x80 CMakeFiles/sd_fat_spi.dir/C_/VSARM/sdk/pico/pico-sdk/src/rp2_common/pico_stdio/stdio.c.obj
 .text.stdio_stack_buffer_flush
                0x100045ec       0x44 CMakeFiles/sd_fat_spi.dir/C_/VSARM/sdk/pico/pico-sdk/src/rp2_common/pico_stdio/stdio.c.obj
 .text.stdio_buffered_printer
                0x10004630       0x20 CMakeFiles/sd_fat_spi.dir/C_/VSARM/sdk/pico/pico-sdk/src/rp2_common/pico_stdio/stdio.c.obj
 .text.update_us_since_boot
                0x10004650       0x24 CMakeFiles/sd_fat_spi.dir/C_/VSARM/sdk/pico/pico-sdk/src/rp2_common/pico_stdio/stdio.c.obj
 .text.get_absolute_time
                0x10004674       0x22 CMakeFiles/sd_fat_spi.dir/C_/VSARM/sdk/pico/pico-sdk/src/rp2_common/pico_stdio/stdio.c.obj
 *fill*         0x10004696        0x2 
 .text.delayed_by_ms
                0x10004698       0x44 CMakeFiles/sd_fat_spi.dir/C_/VSARM/sdk/pico/pico-sdk/src/rp2_common/pico_stdio/stdio.c.obj
 .text.make_timeout_time_ms
                0x100046dc       0x20 CMakeFiles/sd_fat_spi.dir/C_/VSARM/sdk/pico/pico-sdk/src/rp2_common/pico_stdio/stdio.c.obj
 .text.stdio_get_until
                0x100046fc       0x64 CMakeFiles/sd_fat_spi.dir/C_/VSARM/sdk/pico/pico-sdk/src/rp2_common/pico_stdio/stdio.c.obj
 .text.stdout_serialize_begin
                0x10004760       0x20 CMakeFiles/sd_fat_spi.dir/C_/VSARM/sdk/pico/pico-sdk/src/rp2_common/pico_stdio/stdio.c.obj
                0x10004760                stdout_serialize_begin
 .text.stdout_serialize_end
                0x10004780       0x10 CMakeFiles/sd_fat_spi.dir/C_/VSARM/sdk/pico/pico-sdk/src/rp2_common/pico_stdio/stdio.c.obj
                0x10004780                stdout_serialize_end
 .text.stdio_put_string
                0x10004790       0x98 CMakeFiles/sd_fat_spi.dir/C_/VSARM/sdk/pico/pico-sdk/src/rp2_common/pico_stdio/stdio.c.obj
 .text._read    0x10004828       0x24 CMakeFiles/sd_fat_spi.dir/C_/VSARM/sdk/pico/pico-sdk/src/rp2_common/pico_stdio/stdio.c.obj
                0x10004828                _read
 .text._write   0x1000484c       0x22 CMakeFiles/sd_fat_spi.dir/C_/VSARM/sdk/pico/pico-sdk/src/rp2_common/pico_stdio/stdio.c.obj
                0x1000484c                _write
 .text._close   0x1000486e        0x6 CMakeFiles/sd_fat_spi.dir/C_/VSARM/sdk/pico/pico-sdk/src/rp2_common/pico_stdio/stdio.c.obj
                0x1000486e                _close
 .text._lseek   0x10004874        0x6 CMakeFiles/sd_fat_spi.dir/C_/VSARM/sdk/pico/pico-sdk/src/rp2_common/pico_stdio/stdio.c.obj
                0x10004874                _lseek
 *fill*         0x1000487a        0x2 
 .text.stdio_set_driver_enabled
                0x1000487c       0x2c CMakeFiles/sd_fat_spi.dir/C_/VSARM/sdk/pico/pico-sdk/src/rp2_common/pico_stdio/stdio.c.obj
                0x1000487c                stdio_set_driver_enabled
 .text.stdio_flush
                0x100048a8       0x20 CMakeFiles/sd_fat_spi.dir/C_/VSARM/sdk/pico/pico-sdk/src/rp2_common/pico_stdio/stdio.c.obj
                0x100048a8                stdio_flush
 .text.__wrap_puts
                0x100048c8       0x1e CMakeFiles/sd_fat_spi.dir/C_/VSARM/sdk/pico/pico-sdk/src/rp2_common/pico_stdio/stdio.c.obj
                0x100048c8                __wrap_puts
 *fill*         0x100048e6        0x2 
 .text.__wrap_vprintf
                0x100048e8       0x40 CMakeFiles/sd_fat_spi.dir/C_/VSARM/sdk/pico/pico-sdk/src/rp2_common/pico_stdio/stdio.c.obj
                0x100048e8                __wrap_vprintf
 .text.__wrap_printf
                0x10004928       0x18 CMakeFiles/sd_fat_spi.dir/C_/VSARM/sdk/pico/pico-sdk/src/rp2_common/pico_stdio/stdio.c.obj
                0x10004928                __wrap_printf
 .text.stdio_init_all
                0x10004940        0x8 CMakeFiles/sd_fat_spi.dir/C_/VSARM/sdk/pico/pico-sdk/src/rp2_common/pico_stdio/stdio.c.obj
                0x10004940                stdio_init_all
 .text.__wrap_getchar
                0x10004948       0x40 CMakeFiles/sd_fat_spi.dir/C_/VSARM/sdk/pico/pico-sdk/src/rp2_common/pico_stdio/stdio.c.obj
                0x10004948                __wrap_getchar
 .text.resetd_init
                0x10004988        0x2 CMakeFiles/sd_fat_spi.dir/C_/VSARM/sdk/pico/pico-sdk/src/rp2_common/pico_stdio_usb/reset_interface.c.obj
 *fill*         0x1000498a        0x2 
 .text.resetd_reset
                0x1000498c        0xc CMakeFiles/sd_fat_spi.dir/C_/VSARM/sdk/pico/pico-sdk/src/rp2_common/pico_stdio_usb/reset_interface.c.obj
 .text.resetd_open
                0x10004998       0x34 CMakeFiles/sd_fat_spi.dir/C_/VSARM/sdk/pico/pico-sdk/src/rp2_common/pico_stdio_usb/reset_interface.c.obj
 .text.resetd_xfer_cb
                0x100049cc        0x4 CMakeFiles/sd_fat_spi.dir/C_/VSARM/sdk/pico/pico-sdk/src/rp2_common/pico_stdio_usb/reset_interface.c.obj
 .text.reset_usb_boot
                0x100049d0       0x18 CMakeFiles/sd_fat_spi.dir/C_/VSARM/sdk/pico/pico-sdk/src/rp2_common/pico_stdio_usb/reset_interface.c.obj
 .text.resetd_control_xfer_cb
                0x100049e8       0x5c CMakeFiles/sd_fat_spi.dir/C_/VSARM/sdk/pico/pico-sdk/src/rp2_common/pico_stdio_usb/reset_interface.c.obj
 .text.usbd_app_driver_get_cb
                0x10004a44        0xc CMakeFiles/sd_fat_spi.dir/C_/VSARM/sdk/pico/pico-sdk/src/rp2_common/pico_stdio_usb/reset_interface.c.obj
                0x10004a44                usbd_app_driver_get_cb
 .text.tud_cdc_line_coding_cb
                0x10004a50       0x28 CMakeFiles/sd_fat_spi.dir/C_/VSARM/sdk/pico/pico-sdk/src/rp2_common/pico_stdio_usb/reset_interface.c.obj
                0x10004a50                tud_cdc_line_coding_cb
 .text.stdio_usb_set_chars_available_callback
                0x10004a78       0x14 CMakeFiles/sd_fat_spi.dir/C_/VSARM/sdk/pico/pico-sdk/src/rp2_common/pico_stdio_usb/stdio_usb.c.obj
                0x10004a78                stdio_usb_set_chars_available_callback
 .text.update_us_since_boot
                0x10004a8c       0x24 CMakeFiles/sd_fat_spi.dir/C_/VSARM/sdk/pico/pico-sdk/src/rp2_common/pico_stdio_usb/stdio_usb.c.obj
 .text.get_absolute_time
                0x10004ab0       0x22 CMakeFiles/sd_fat_spi.dir/C_/VSARM/sdk/pico/pico-sdk/src/rp2_common/pico_stdio_usb/stdio_usb.c.obj
 *fill*         0x10004ad2        0x2 
 .text.delayed_by_ms
                0x10004ad4       0x44 CMakeFiles/sd_fat_spi.dir/C_/VSARM/sdk/pico/pico-sdk/src/rp2_common/pico_stdio_usb/stdio_usb.c.obj
 .text.make_timeout_time_ms
                0x10004b18       0x20 CMakeFiles/sd_fat_spi.dir/C_/VSARM/sdk/pico/pico-sdk/src/rp2_common/pico_stdio_usb/stdio_usb.c.obj
 .text.delayed_by_us
                0x10004b38       0x34 CMakeFiles/sd_fat_spi.dir/C_/VSARM/sdk/pico/pico-sdk/src/rp2_common/pico_stdio_usb/stdio_usb.c.obj
 .text.usb_irq  0x10004b6c       0x10 CMakeFiles/sd_fat_spi.dir/C_/VSARM/sdk/pico/pico-sdk/src/rp2_common/pico_stdio_usb/stdio_usb.c.obj
 .text.timer_task
                0x10004b7c       0x58 CMakeFiles/sd_fat_spi.dir/C_/VSARM/sdk/pico/pico-sdk/src/rp2_common/pico_stdio_usb/stdio_usb.c.obj
 .text.alarm_pool_add_alarm_in_us
                0x10004bd4       0x3a CMakeFiles/sd_fat_spi.dir/C_/VSARM/sdk/pico/pico-sdk/src/rp2_common/pico_stdio_usb/stdio_usb.c.obj
 .text.add_alarm_in_us
                0x10004c0e       0x2e CMakeFiles/sd_fat_spi.dir/C_/VSARM/sdk/pico/pico-sdk/src/rp2_common/pico_stdio_usb/stdio_usb.c.obj
 .text.low_priority_worker_irq
                0x10004c3c       0x84 CMakeFiles/sd_fat_spi.dir/C_/VSARM/sdk/pico/pico-sdk/src/rp2_common/pico_stdio_usb/stdio_usb.c.obj
 .text.tud_cdc_rx_cb
                0x10004cc0       0x20 CMakeFiles/sd_fat_spi.dir/C_/VSARM/sdk/pico/pico-sdk/src/rp2_common/pico_stdio_usb/stdio_usb.c.obj
                0x10004cc0                tud_cdc_rx_cb
 .text.stdio_usb_init
                0x10004ce0       0xdc CMakeFiles/sd_fat_spi.dir/C_/VSARM/sdk/pico/pico-sdk/src/rp2_common/pico_stdio_usb/stdio_usb.c.obj
                0x10004ce0                stdio_usb_init
 .text.stdio_usb_connected
                0x10004dbc        0xa CMakeFiles/sd_fat_spi.dir/C_/VSARM/sdk/pico/pico-sdk/src/rp2_common/pico_stdio_usb/stdio_usb.c.obj
                0x10004dbc                stdio_usb_connected
 *fill*         0x10004dc6        0x2 
 .text.stdio_usb_in_chars
                0x10004dc8       0x88 CMakeFiles/sd_fat_spi.dir/C_/VSARM/sdk/pico/pico-sdk/src/rp2_common/pico_stdio_usb/stdio_usb.c.obj
                0x10004dc8                stdio_usb_in_chars
 .text.stdio_usb_out_chars
                0x10004e50       0xd8 CMakeFiles/sd_fat_spi.dir/C_/VSARM/sdk/pico/pico-sdk/src/rp2_common/pico_stdio_usb/stdio_usb.c.obj
 .text.tud_descriptor_device_cb
                0x10004f28        0x8 CMakeFiles/sd_fat_spi.dir/C_/VSARM/sdk/pico/pico-sdk/src/rp2_common/pico_stdio_usb/stdio_usb_descriptors.c.obj
                0x10004f28                tud_descriptor_device_cb
 .text.tud_descriptor_configuration_cb
                0x10004f30        0x8 CMakeFiles/sd_fat_spi.dir/C_/VSARM/sdk/pico/pico-sdk/src/rp2_common/pico_stdio_usb/stdio_usb_descriptors.c.obj
                0x10004f30                tud_descriptor_configuration_cb
 .text.tud_descriptor_string_cb
                0x10004f38       0x6c CMakeFiles/sd_fat_spi.dir/C_/VSARM/sdk/pico/pico-sdk/src/rp2_common/pico_stdio_usb/stdio_usb_descriptors.c.obj
                0x10004f38                tud_descriptor_string_cb
 .text._retrieve_unique_id_on_boot
                0x10004fa4       0x10 CMakeFiles/sd_fat_spi.dir/C_/VSARM/sdk/pico/pico-sdk/src/rp2_common/pico_unique_id/unique_id.c.obj
 .text.pico_get_unique_board_id_string
                0x10004fb4       0x5c CMakeFiles/sd_fat_spi.dir/C_/VSARM/sdk/pico/pico-sdk/src/rp2_common/pico_unique_id/unique_id.c.obj
                0x10004fb4                pico_get_unique_board_id_string
 .text.flash_get_unique_id
                0x10005010       0x46 CMakeFiles/sd_fat_spi.dir/C_/VSARM/sdk/pico/pico-sdk/src/rp2_common/hardware_flash/flash.c.obj
                0x10005010                flash_get_unique_id
 *fill*         0x10005056        0x2 
 .text.hw_endpoint_get_by_addr
                0x10005058       0x18 CMakeFiles/sd_fat_spi.dir/C_/VSARM/sdk/pico/pico-sdk/lib/tinyusb/src/portable/raspberrypi/rp2040/dcd_rp2040.c.obj
 .text._hw_endpoint_alloc
                0x10005070       0x70 CMakeFiles/sd_fat_spi.dir/C_/VSARM/sdk/pico/pico-sdk/lib/tinyusb/src/portable/raspberrypi/rp2040/dcd_rp2040.c.obj
 .text.hw_endpoint_init
                0x100050e0       0x88 CMakeFiles/sd_fat_spi.dir/C_/VSARM/sdk/pico/pico-sdk/lib/tinyusb/src/portable/raspberrypi/rp2040/dcd_rp2040.c.obj
 .text.dcd_event_sof
                0x10005168       0x2c CMakeFiles/sd_fat_spi.dir/C_/VSARM/sdk/pico/pico-sdk/lib/tinyusb/src/portable/raspberrypi/rp2040/dcd_rp2040.c.obj
 .text.hw_endpoint_xfer
                0x10005194       0x14 CMakeFiles/sd_fat_spi.dir/C_/VSARM/sdk/pico/pico-sdk/lib/tinyusb/src/portable/raspberrypi/rp2040/dcd_rp2040.c.obj
 .text.dcd_int_enable
                0x100051a8       0x2c CMakeFiles/sd_fat_spi.dir/C_/VSARM/sdk/pico/pico-sdk/lib/tinyusb/src/portable/raspberrypi/rp2040/dcd_rp2040.c.obj
                0x100051a8                dcd_int_enable
 .text.dcd_set_address
                0x100051d4       0x2c CMakeFiles/sd_fat_spi.dir/C_/VSARM/sdk/pico/pico-sdk/lib/tinyusb/src/portable/raspberrypi/rp2040/dcd_rp2040.c.obj
                0x100051d4                dcd_set_address
 .text.dcd_connect
                0x10005200       0x10 CMakeFiles/sd_fat_spi.dir/C_/VSARM/sdk/pico/pico-sdk/lib/tinyusb/src/portable/raspberrypi/rp2040/dcd_rp2040.c.obj
                0x10005200                dcd_connect
 .text.dcd_init
                0x10005210       0x80 CMakeFiles/sd_fat_spi.dir/C_/VSARM/sdk/pico/pico-sdk/lib/tinyusb/src/portable/raspberrypi/rp2040/dcd_rp2040.c.obj
                0x10005210                dcd_init
 .text.dcd_edpt0_status_complete
                0x10005290       0x1c CMakeFiles/sd_fat_spi.dir/C_/VSARM/sdk/pico/pico-sdk/lib/tinyusb/src/portable/raspberrypi/rp2040/dcd_rp2040.c.obj
                0x10005290                dcd_edpt0_status_complete
 .text.dcd_edpt_open
                0x100052ac       0x40 CMakeFiles/sd_fat_spi.dir/C_/VSARM/sdk/pico/pico-sdk/lib/tinyusb/src/portable/raspberrypi/rp2040/dcd_rp2040.c.obj
                0x100052ac                dcd_edpt_open
 .text.dcd_edpt_close_all
                0x100052ec        0x8 CMakeFiles/sd_fat_spi.dir/C_/VSARM/sdk/pico/pico-sdk/lib/tinyusb/src/portable/raspberrypi/rp2040/dcd_rp2040.c.obj
                0x100052ec                dcd_edpt_close_all
 .text.dcd_edpt_xfer
                0x100052f4       0x34 CMakeFiles/sd_fat_spi.dir/C_/VSARM/sdk/pico/pico-sdk/lib/tinyusb/src/portable/raspberrypi/rp2040/dcd_rp2040.c.obj
                0x100052f4                dcd_edpt_xfer
 .text.dcd_edpt_stall
                0x10005328       0x2c CMakeFiles/sd_fat_spi.dir/C_/VSARM/sdk/pico/pico-sdk/lib/tinyusb/src/portable/raspberrypi/rp2040/dcd_rp2040.c.obj
                0x10005328                dcd_edpt_stall
 .text.dcd_edpt_clear_stall
                0x10005354       0x20 CMakeFiles/sd_fat_spi.dir/C_/VSARM/sdk/pico/pico-sdk/lib/tinyusb/src/portable/raspberrypi/rp2040/dcd_rp2040.c.obj
                0x10005354                dcd_edpt_clear_stall
 .text.rp2040_usb_init
                0x10005374       0x4c CMakeFiles/sd_fat_spi.dir/C_/VSARM/sdk/pico/pico-sdk/lib/tinyusb/src/portable/raspberrypi/rp2040/rp2040_usb.c.obj
                0x10005374                rp2040_usb_init
 .text.hw_endpoint_xfer_start
                0x100053c0       0x50 CMakeFiles/sd_fat_spi.dir/C_/VSARM/sdk/pico/pico-sdk/lib/tinyusb/src/portable/raspberrypi/rp2040/rp2040_usb.c.obj
                0x100053c0                hw_endpoint_xfer_start
 .text.configuration_reset
                0x10005410       0x84 CMakeFiles/sd_fat_spi.dir/C_/VSARM/sdk/pico/pico-sdk/lib/tinyusb/src/device/usbd.c.obj
 .text.usbd_reset
                0x10005494        0xc CMakeFiles/sd_fat_spi.dir/C_/VSARM/sdk/pico/pico-sdk/lib/tinyusb/src/device/usbd.c.obj
 .text.invoke_class_control
                0x100054a0       0x1a CMakeFiles/sd_fat_spi.dir/C_/VSARM/sdk/pico/pico-sdk/lib/tinyusb/src/device/usbd.c.obj
 *fill*         0x100054ba        0x2 
 .text.process_set_config
                0x100054bc      0x178 CMakeFiles/sd_fat_spi.dir/C_/VSARM/sdk/pico/pico-sdk/lib/tinyusb/src/device/usbd.c.obj
 .text.process_get_descriptor
                0x10005634       0xdc CMakeFiles/sd_fat_spi.dir/C_/VSARM/sdk/pico/pico-sdk/lib/tinyusb/src/device/usbd.c.obj
 .text.tud_mounted
                0x10005710       0x10 CMakeFiles/sd_fat_spi.dir/C_/VSARM/sdk/pico/pico-sdk/lib/tinyusb/src/device/usbd.c.obj
                0x10005710                tud_mounted
 .text.tud_suspended
                0x10005720       0x10 CMakeFiles/sd_fat_spi.dir/C_/VSARM/sdk/pico/pico-sdk/lib/tinyusb/src/device/usbd.c.obj
                0x10005720                tud_suspended
 .text.tud_inited
                0x10005730       0x14 CMakeFiles/sd_fat_spi.dir/C_/VSARM/sdk/pico/pico-sdk/lib/tinyusb/src/device/usbd.c.obj
                0x10005730                tud_inited
 .text.tud_init
                0x10005744       0xcc CMakeFiles/sd_fat_spi.dir/C_/VSARM/sdk/pico/pico-sdk/lib/tinyusb/src/device/usbd.c.obj
                0x10005744                tud_init
 .text.usbd_defer_func
                0x10005810       0x2a CMakeFiles/sd_fat_spi.dir/C_/VSARM/sdk/pico/pico-sdk/lib/tinyusb/src/device/usbd.c.obj
                0x10005810                usbd_defer_func
 *fill*         0x1000583a        0x2 
 .text.usbd_edpt_open
                0x1000583c       0x34 CMakeFiles/sd_fat_spi.dir/C_/VSARM/sdk/pico/pico-sdk/lib/tinyusb/src/device/usbd.c.obj
                0x1000583c                usbd_edpt_open
 .text.usbd_open_edpt_pair
                0x10005870       0x62 CMakeFiles/sd_fat_spi.dir/C_/VSARM/sdk/pico/pico-sdk/lib/tinyusb/src/device/usbd.c.obj
                0x10005870                usbd_open_edpt_pair
 *fill*         0x100058d2        0x2 
 .text.usbd_edpt_claim
                0x100058d4       0x28 CMakeFiles/sd_fat_spi.dir/C_/VSARM/sdk/pico/pico-sdk/lib/tinyusb/src/device/usbd.c.obj
                0x100058d4                usbd_edpt_claim
 .text.usbd_edpt_release
                0x100058fc       0x28 CMakeFiles/sd_fat_spi.dir/C_/VSARM/sdk/pico/pico-sdk/lib/tinyusb/src/device/usbd.c.obj
                0x100058fc                usbd_edpt_release
 .text.usbd_edpt_xfer
                0x10005924       0x78 CMakeFiles/sd_fat_spi.dir/C_/VSARM/sdk/pico/pico-sdk/lib/tinyusb/src/device/usbd.c.obj
                0x10005924                usbd_edpt_xfer
 .text.usbd_edpt_stall
                0x1000599c       0x48 CMakeFiles/sd_fat_spi.dir/C_/VSARM/sdk/pico/pico-sdk/lib/tinyusb/src/device/usbd.c.obj
                0x1000599c                usbd_edpt_stall
 .text.usbd_edpt_clear_stall
                0x100059e4       0x48 CMakeFiles/sd_fat_spi.dir/C_/VSARM/sdk/pico/pico-sdk/lib/tinyusb/src/device/usbd.c.obj
                0x100059e4                usbd_edpt_clear_stall
 .text.usbd_edpt_stalled
                0x10005a2c       0x1c CMakeFiles/sd_fat_spi.dir/C_/VSARM/sdk/pico/pico-sdk/lib/tinyusb/src/device/usbd.c.obj
                0x10005a2c                usbd_edpt_stalled
 .text.process_control_request
                0x10005a48      0x374 CMakeFiles/sd_fat_spi.dir/C_/VSARM/sdk/pico/pico-sdk/lib/tinyusb/src/device/usbd.c.obj
 .text.tud_task_ext
                0x10005dbc      0x1b4 CMakeFiles/sd_fat_spi.dir/C_/VSARM/sdk/pico/pico-sdk/lib/tinyusb/src/device/usbd.c.obj
                0x10005dbc                tud_task_ext
 .text._status_stage_xact
                0x10005f70       0x1a CMakeFiles/sd_fat_spi.dir/C_/VSARM/sdk/pico/pico-sdk/lib/tinyusb/src/device/usbd_control.c.obj
 *fill*         0x10005f8a        0x2 
 .text._data_stage_xact
                0x10005f8c       0x58 CMakeFiles/sd_fat_spi.dir/C_/VSARM/sdk/pico/pico-sdk/lib/tinyusb/src/device/usbd_control.c.obj
 .text.tud_control_status
                0x10005fe4       0x28 CMakeFiles/sd_fat_spi.dir/C_/VSARM/sdk/pico/pico-sdk/lib/tinyusb/src/device/usbd_control.c.obj
                0x10005fe4                tud_control_status
 .text.tud_control_xfer
                0x1000600c       0x68 CMakeFiles/sd_fat_spi.dir/C_/VSARM/sdk/pico/pico-sdk/lib/tinyusb/src/device/usbd_control.c.obj
                0x1000600c                tud_control_xfer
 .text.usbd_control_reset
                0x10006074       0x14 CMakeFiles/sd_fat_spi.dir/C_/VSARM/sdk/pico/pico-sdk/lib/tinyusb/src/device/usbd_control.c.obj
                0x10006074                usbd_control_reset
 .text.usbd_control_set_complete_callback
                0x10006088        0xc CMakeFiles/sd_fat_spi.dir/C_/VSARM/sdk/pico/pico-sdk/lib/tinyusb/src/device/usbd_control.c.obj
                0x10006088                usbd_control_set_complete_callback
 .text.usbd_control_set_request
                0x10006094       0x1c CMakeFiles/sd_fat_spi.dir/C_/VSARM/sdk/pico/pico-sdk/lib/tinyusb/src/device/usbd_control.c.obj
                0x10006094                usbd_control_set_request
 .text.usbd_control_xfer_cb
                0x100060b0       0xbc CMakeFiles/sd_fat_spi.dir/C_/VSARM/sdk/pico/pico-sdk/lib/tinyusb/src/device/usbd_control.c.obj
                0x100060b0                usbd_control_xfer_cb
 .text._prep_out_transaction
                0x1000616c       0x4a CMakeFiles/sd_fat_spi.dir/C_/VSARM/sdk/pico/pico-sdk/lib/tinyusb/src/class/cdc/cdc_device.c.obj
 *fill*         0x100061b6        0x2 
 .text.tud_cdc_n_connected
                0x100061b8       0x38 CMakeFiles/sd_fat_spi.dir/C_/VSARM/sdk/pico/pico-sdk/lib/tinyusb/src/class/cdc/cdc_device.c.obj
                0x100061b8                tud_cdc_n_connected
 .text.tud_cdc_n_available
                0x100061f0       0x18 CMakeFiles/sd_fat_spi.dir/C_/VSARM/sdk/pico/pico-sdk/lib/tinyusb/src/class/cdc/cdc_device.c.obj
                0x100061f0                tud_cdc_n_available
 .text.tud_cdc_n_read
                0x10006208       0x28 CMakeFiles/sd_fat_spi.dir/C_/VSARM/sdk/pico/pico-sdk/lib/tinyusb/src/class/cdc/cdc_device.c.obj
                0x10006208                tud_cdc_n_read
 .text.tud_cdc_n_write_flush
                0x10006230       0xb8 CMakeFiles/sd_fat_spi.dir/C_/VSARM/sdk/pico/pico-sdk/lib/tinyusb/src/class/cdc/cdc_device.c.obj
                0x10006230                tud_cdc_n_write_flush
 .text.tud_cdc_n_write
                0x100062e8       0x38 CMakeFiles/sd_fat_spi.dir/C_/VSARM/sdk/pico/pico-sdk/lib/tinyusb/src/class/cdc/cdc_device.c.obj
                0x100062e8                tud_cdc_n_write
 .text.tud_cdc_n_write_available
                0x10006320       0x1c CMakeFiles/sd_fat_spi.dir/C_/VSARM/sdk/pico/pico-sdk/lib/tinyusb/src/class/cdc/cdc_device.c.obj
                0x10006320                tud_cdc_n_write_available
 .text.cdcd_init
                0x1000633c       0xbc CMakeFiles/sd_fat_spi.dir/C_/VSARM/sdk/pico/pico-sdk/lib/tinyusb/src/class/cdc/cdc_device.c.obj
                0x1000633c                cdcd_init
 .text.cdcd_reset
                0x100063f8       0x44 CMakeFiles/sd_fat_spi.dir/C_/VSARM/sdk/pico/pico-sdk/lib/tinyusb/src/class/cdc/cdc_device.c.obj
                0x100063f8                cdcd_reset
 .text.cdcd_open
                0x1000643c       0xc4 CMakeFiles/sd_fat_spi.dir/C_/VSARM/sdk/pico/pico-sdk/lib/tinyusb/src/class/cdc/cdc_device.c.obj
                0x1000643c                cdcd_open
 .text.cdcd_control_xfer_cb
                0x10006500      0x134 CMakeFiles/sd_fat_spi.dir/C_/VSARM/sdk/pico/pico-sdk/lib/tinyusb/src/class/cdc/cdc_device.c.obj
                0x10006500                cdcd_control_xfer_cb
 .text.cdcd_xfer_cb
                0x10006634      0x130 CMakeFiles/sd_fat_spi.dir/C_/VSARM/sdk/pico/pico-sdk/lib/tinyusb/src/class/cdc/cdc_device.c.obj
                0x10006634                cdcd_xfer_cb
 .text.tusb_init
                0x10006764        0xa CMakeFiles/sd_fat_spi.dir/C_/VSARM/sdk/pico/pico-sdk/lib/tinyusb/src/tusb.c.obj
                0x10006764                tusb_init
 .text.tusb_inited
                0x1000676e        0xe CMakeFiles/sd_fat_spi.dir/C_/VSARM/sdk/pico/pico-sdk/lib/tinyusb/src/tusb.c.obj
                0x1000676e                tusb_inited
 .text.tu_edpt_claim
                0x1000677c       0x50 CMakeFiles/sd_fat_spi.dir/C_/VSARM/sdk/pico/pico-sdk/lib/tinyusb/src/tusb.c.obj
                0x1000677c                tu_edpt_claim
 .text.tu_edpt_release
                0x100067cc       0x38 CMakeFiles/sd_fat_spi.dir/C_/VSARM/sdk/pico/pico-sdk/lib/tinyusb/src/tusb.c.obj
                0x100067cc                tu_edpt_release
 .text.tu_edpt_validate
                0x10006804       0x78 CMakeFiles/sd_fat_spi.dir/C_/VSARM/sdk/pico/pico-sdk/lib/tinyusb/src/tusb.c.obj
                0x10006804                tu_edpt_validate
 .text.tu_edpt_bind_driver
                0x1000687c       0x26 CMakeFiles/sd_fat_spi.dir/C_/VSARM/sdk/pico/pico-sdk/lib/tinyusb/src/tusb.c.obj
                0x1000687c                tu_edpt_bind_driver
 .text.advance_index
                0x100068a2       0x1a CMakeFiles/sd_fat_spi.dir/C_/VSARM/sdk/pico/pico-sdk/lib/tinyusb/src/common/tusb_fifo.c.obj
 .text._tu_fifo_peek
                0x100068bc       0x56 CMakeFiles/sd_fat_spi.dir/C_/VSARM/sdk/pico/pico-sdk/lib/tinyusb/src/common/tusb_fifo.c.obj
 .text._ff_pull_const_addr
                0x10006912       0x4c CMakeFiles/sd_fat_spi.dir/C_/VSARM/sdk/pico/pico-sdk/lib/tinyusb/src/common/tusb_fifo.c.obj
 .text._ff_pull_n
                0x1000695e      0x110 CMakeFiles/sd_fat_spi.dir/C_/VSARM/sdk/pico/pico-sdk/lib/tinyusb/src/common/tusb_fifo.c.obj
 .text._tu_fifo_peek_n
                0x10006a6e       0x6a CMakeFiles/sd_fat_spi.dir/C_/VSARM/sdk/pico/pico-sdk/lib/tinyusb/src/common/tusb_fifo.c.obj
 .text._tu_fifo_read_n
                0x10006ad8       0x4e CMakeFiles/sd_fat_spi.dir/C_/VSARM/sdk/pico/pico-sdk/lib/tinyusb/src/common/tusb_fifo.c.obj
 .text._ff_push_const_addr
                0x10006b26       0x40 CMakeFiles/sd_fat_spi.dir/C_/VSARM/sdk/pico/pico-sdk/lib/tinyusb/src/common/tusb_fifo.c.obj
 .text._ff_push_n
                0x10006b66      0x10c CMakeFiles/sd_fat_spi.dir/C_/VSARM/sdk/pico/pico-sdk/lib/tinyusb/src/common/tusb_fifo.c.obj
 .text._tu_fifo_write_n
                0x10006c72       0xf0 CMakeFiles/sd_fat_spi.dir/C_/VSARM/sdk/pico/pico-sdk/lib/tinyusb/src/common/tusb_fifo.c.obj
 .text.tu_fifo_config
                0x10006d62       0x7c CMakeFiles/sd_fat_spi.dir/C_/VSARM/sdk/pico/pico-sdk/lib/tinyusb/src/common/tusb_fifo.c.obj
                0x10006d62                tu_fifo_config
 .text.tu_fifo_count
                0x10006dde       0x2a CMakeFiles/sd_fat_spi.dir/C_/VSARM/sdk/pico/pico-sdk/lib/tinyusb/src/common/tusb_fifo.c.obj
                0x10006dde                tu_fifo_count
 .text.tu_fifo_empty
                0x10006e08        0xe CMakeFiles/sd_fat_spi.dir/C_/VSARM/sdk/pico/pico-sdk/lib/tinyusb/src/common/tusb_fifo.c.obj
                0x10006e08                tu_fifo_empty
 .text.tu_fifo_full
                0x10006e16       0x28 CMakeFiles/sd_fat_spi.dir/C_/VSARM/sdk/pico/pico-sdk/lib/tinyusb/src/common/tusb_fifo.c.obj
                0x10006e16                tu_fifo_full
 .text.tu_fifo_remaining
                0x10006e3e       0x2c CMakeFiles/sd_fat_spi.dir/C_/VSARM/sdk/pico/pico-sdk/lib/tinyusb/src/common/tusb_fifo.c.obj
                0x10006e3e                tu_fifo_remaining
 .text.tu_fifo_read
                0x10006e6a       0x42 CMakeFiles/sd_fat_spi.dir/C_/VSARM/sdk/pico/pico-sdk/lib/tinyusb/src/common/tusb_fifo.c.obj
                0x10006e6a                tu_fifo_read
 .text.tu_fifo_read_n
                0x10006eac        0xa CMakeFiles/sd_fat_spi.dir/C_/VSARM/sdk/pico/pico-sdk/lib/tinyusb/src/common/tusb_fifo.c.obj
                0x10006eac                tu_fifo_read_n
 .text.tu_fifo_write
                0x10006eb6       0x64 CMakeFiles/sd_fat_spi.dir/C_/VSARM/sdk/pico/pico-sdk/lib/tinyusb/src/common/tusb_fifo.c.obj
                0x10006eb6                tu_fifo_write
 .text.tu_fifo_write_n
                0x10006f1a        0xa CMakeFiles/sd_fat_spi.dir/C_/VSARM/sdk/pico/pico-sdk/lib/tinyusb/src/common/tusb_fifo.c.obj
                0x10006f1a                tu_fifo_write_n
 .text.tu_fifo_clear
                0x10006f24       0x3e CMakeFiles/sd_fat_spi.dir/C_/VSARM/sdk/pico/pico-sdk/lib/tinyusb/src/common/tusb_fifo.c.obj
                0x10006f24                tu_fifo_clear
 .text.tu_fifo_set_overwritable
                0x10006f62       0x46 CMakeFiles/sd_fat_spi.dir/C_/VSARM/sdk/pico/pico-sdk/lib/tinyusb/src/common/tusb_fifo.c.obj
                0x10006f62                tu_fifo_set_overwritable
 .text.ff_memalloc
                0x10006fa8        0x8 CMakeFiles/sd_fat_spi.dir/lib/no-OS-FatFS-SD-SPI-RPi-Pico/FatFs_SPI/ff15/source/ffsystem.c.obj
                0x10006fa8                ff_memalloc
 .text.ff_memfree
                0x10006fb0        0x8 CMakeFiles/sd_fat_spi.dir/lib/no-OS-FatFS-SD-SPI-RPi-Pico/FatFs_SPI/ff15/source/ffsystem.c.obj
                0x10006fb0                ff_memfree
 .text.ff_uni2oem
                0x10006fb8       0x44 CMakeFiles/sd_fat_spi.dir/lib/no-OS-FatFS-SD-SPI-RPi-Pico/FatFs_SPI/ff15/source/ffunicode.c.obj
                0x10006fb8                ff_uni2oem
 .text.ff_wtoupper
                0x10006ffc       0xa8 CMakeFiles/sd_fat_spi.dir/lib/no-OS-FatFS-SD-SPI-RPi-Pico/FatFs_SPI/ff15/source/ffunicode.c.obj
                0x10006ffc                ff_wtoupper
 .text.ld_word  0x100070a4        0xa CMakeFiles/sd_fat_spi.dir/lib/no-OS-FatFS-SD-SPI-RPi-Pico/FatFs_SPI/ff15/source/ff.c.obj
 .text.ld_dword
                0x100070ae       0x18 CMakeFiles/sd_fat_spi.dir/lib/no-OS-FatFS-SD-SPI-RPi-Pico/FatFs_SPI/ff15/source/ff.c.obj
 .text.ld_qword
                0x100070c6       0x44 CMakeFiles/sd_fat_spi.dir/lib/no-OS-FatFS-SD-SPI-RPi-Pico/FatFs_SPI/ff15/source/ff.c.obj
 .text.st_word  0x1000710a        0x8 CMakeFiles/sd_fat_spi.dir/lib/no-OS-FatFS-SD-SPI-RPi-Pico/FatFs_SPI/ff15/source/ff.c.obj
 .text.st_dword
                0x10007112       0x10 CMakeFiles/sd_fat_spi.dir/lib/no-OS-FatFS-SD-SPI-RPi-Pico/FatFs_SPI/ff15/source/ff.c.obj
 .text.st_qword
                0x10007122       0x1e CMakeFiles/sd_fat_spi.dir/lib/no-OS-FatFS-SD-SPI-RPi-Pico/FatFs_SPI/ff15/source/ff.c.obj
 .text.dbc_1st  0x10007140        0x4 CMakeFiles/sd_fat_spi.dir/lib/no-OS-FatFS-SD-SPI-RPi-Pico/FatFs_SPI/ff15/source/ff.c.obj
 .text.tchar2uni
                0x10007144       0xcc CMakeFiles/sd_fat_spi.dir/lib/no-OS-FatFS-SD-SPI-RPi-Pico/FatFs_SPI/ff15/source/ff.c.obj
 .text.chk_share
                0x10007210       0x78 CMakeFiles/sd_fat_spi.dir/lib/no-OS-FatFS-SD-SPI-RPi-Pico/FatFs_SPI/ff15/source/ff.c.obj
 .text.enq_share
                0x10007288       0x20 CMakeFiles/sd_fat_spi.dir/lib/no-OS-FatFS-SD-SPI-RPi-Pico/FatFs_SPI/ff15/source/ff.c.obj
 .text.inc_share
                0x100072a8       0xa8 CMakeFiles/sd_fat_spi.dir/lib/no-OS-FatFS-SD-SPI-RPi-Pico/FatFs_SPI/ff15/source/ff.c.obj
 .text.dec_share
                0x10007350       0x44 CMakeFiles/sd_fat_spi.dir/lib/no-OS-FatFS-SD-SPI-RPi-Pico/FatFs_SPI/ff15/source/ff.c.obj
 .text.clear_share
                0x10007394       0x24 CMakeFiles/sd_fat_spi.dir/lib/no-OS-FatFS-SD-SPI-RPi-Pico/FatFs_SPI/ff15/source/ff.c.obj
 .text.clst2sect
                0x100073b8       0x28 CMakeFiles/sd_fat_spi.dir/lib/no-OS-FatFS-SD-SPI-RPi-Pico/FatFs_SPI/ff15/source/ff.c.obj
 .text.clmt_clust
                0x100073e0       0x30 CMakeFiles/sd_fat_spi.dir/lib/no-OS-FatFS-SD-SPI-RPi-Pico/FatFs_SPI/ff15/source/ff.c.obj
 .text.ld_clust
                0x10007410       0x26 CMakeFiles/sd_fat_spi.dir/lib/no-OS-FatFS-SD-SPI-RPi-Pico/FatFs_SPI/ff15/source/ff.c.obj
 .text.st_clust
                0x10007436       0x26 CMakeFiles/sd_fat_spi.dir/lib/no-OS-FatFS-SD-SPI-RPi-Pico/FatFs_SPI/ff15/source/ff.c.obj
 .text.pick_lfn
                0x1000745c       0x94 CMakeFiles/sd_fat_spi.dir/lib/no-OS-FatFS-SD-SPI-RPi-Pico/FatFs_SPI/ff15/source/ff.c.obj
 .text.put_lfn  0x100074f0       0x8c CMakeFiles/sd_fat_spi.dir/lib/no-OS-FatFS-SD-SPI-RPi-Pico/FatFs_SPI/ff15/source/ff.c.obj
 .text.sum_sfn  0x1000757c       0x20 CMakeFiles/sd_fat_spi.dir/lib/no-OS-FatFS-SD-SPI-RPi-Pico/FatFs_SPI/ff15/source/ff.c.obj
 .text.xdir_sum
                0x1000759c       0x2e CMakeFiles/sd_fat_spi.dir/lib/no-OS-FatFS-SD-SPI-RPi-Pico/FatFs_SPI/ff15/source/ff.c.obj
 .text.init_alloc_info
                0x100075ca       0x2e CMakeFiles/sd_fat_spi.dir/lib/no-OS-FatFS-SD-SPI-RPi-Pico/FatFs_SPI/ff15/source/ff.c.obj
 .text.get_ldnumber
                0x100075f8       0x5c CMakeFiles/sd_fat_spi.dir/lib/no-OS-FatFS-SD-SPI-RPi-Pico/FatFs_SPI/ff15/source/ff.c.obj
 .text.crc32    0x10007654       0x2c CMakeFiles/sd_fat_spi.dir/lib/no-OS-FatFS-SD-SPI-RPi-Pico/FatFs_SPI/ff15/source/ff.c.obj
 .text.ilog10   0x10007680       0xb0 CMakeFiles/sd_fat_spi.dir/lib/no-OS-FatFS-SD-SPI-RPi-Pico/FatFs_SPI/ff15/source/ff.c.obj
 .text.i10x     0x10007730       0x54 CMakeFiles/sd_fat_spi.dir/lib/no-OS-FatFS-SD-SPI-RPi-Pico/FatFs_SPI/ff15/source/ff.c.obj
 .text.ftoa     0x10007784      0x2b0 CMakeFiles/sd_fat_spi.dir/lib/no-OS-FatFS-SD-SPI-RPi-Pico/FatFs_SPI/ff15/source/ff.c.obj
 .text.validate
                0x10007a34       0x52 CMakeFiles/sd_fat_spi.dir/lib/no-OS-FatFS-SD-SPI-RPi-Pico/FatFs_SPI/ff15/source/ff.c.obj
 *fill*         0x10007a86        0x2 
 .text.test_gpt_header
                0x10007a88       0x7c CMakeFiles/sd_fat_spi.dir/lib/no-OS-FatFS-SD-SPI-RPi-Pico/FatFs_SPI/ff15/source/ff.c.obj
 .text.sync_window
                0x10007b04       0x70 CMakeFiles/sd_fat_spi.dir/lib/no-OS-FatFS-SD-SPI-RPi-Pico/FatFs_SPI/ff15/source/ff.c.obj
 .text.move_window
                0x10007b74       0x4c CMakeFiles/sd_fat_spi.dir/lib/no-OS-FatFS-SD-SPI-RPi-Pico/FatFs_SPI/ff15/source/ff.c.obj
 .text.check_fs
                0x10007bc0      0x100 CMakeFiles/sd_fat_spi.dir/lib/no-OS-FatFS-SD-SPI-RPi-Pico/FatFs_SPI/ff15/source/ff.c.obj
 .text.find_volume
                0x10007cc0      0x148 CMakeFiles/sd_fat_spi.dir/lib/no-OS-FatFS-SD-SPI-RPi-Pico/FatFs_SPI/ff15/source/ff.c.obj
 .text.mount_volume
                0x10007e08      0x558 CMakeFiles/sd_fat_spi.dir/lib/no-OS-FatFS-SD-SPI-RPi-Pico/FatFs_SPI/ff15/source/ff.c.obj
 .text.find_bitmap
                0x10008360       0xa6 CMakeFiles/sd_fat_spi.dir/lib/no-OS-FatFS-SD-SPI-RPi-Pico/FatFs_SPI/ff15/source/ff.c.obj
 .text.change_bitmap
                0x10008406       0xa0 CMakeFiles/sd_fat_spi.dir/lib/no-OS-FatFS-SD-SPI-RPi-Pico/FatFs_SPI/ff15/source/ff.c.obj
 .text.put_fat  0x100084a6      0x16e CMakeFiles/sd_fat_spi.dir/lib/no-OS-FatFS-SD-SPI-RPi-Pico/FatFs_SPI/ff15/source/ff.c.obj
 .text.fill_last_frag
                0x10008614       0x32 CMakeFiles/sd_fat_spi.dir/lib/no-OS-FatFS-SD-SPI-RPi-Pico/FatFs_SPI/ff15/source/ff.c.obj
 .text.fill_first_frag
                0x10008646       0x32 CMakeFiles/sd_fat_spi.dir/lib/no-OS-FatFS-SD-SPI-RPi-Pico/FatFs_SPI/ff15/source/ff.c.obj
 .text.get_fat  0x10008678      0x1a8 CMakeFiles/sd_fat_spi.dir/lib/no-OS-FatFS-SD-SPI-RPi-Pico/FatFs_SPI/ff15/source/ff.c.obj
 .text.create_chain
                0x10008820      0x1f2 CMakeFiles/sd_fat_spi.dir/lib/no-OS-FatFS-SD-SPI-RPi-Pico/FatFs_SPI/ff15/source/ff.c.obj
 .text.dir_sdi  0x10008a12       0xd4 CMakeFiles/sd_fat_spi.dir/lib/no-OS-FatFS-SD-SPI-RPi-Pico/FatFs_SPI/ff15/source/ff.c.obj
 .text.remove_chain
                0x10008ae6      0x14a CMakeFiles/sd_fat_spi.dir/lib/no-OS-FatFS-SD-SPI-RPi-Pico/FatFs_SPI/ff15/source/ff.c.obj
 .text.putc_init
                0x10008c30       0x12 CMakeFiles/sd_fat_spi.dir/lib/no-OS-FatFS-SD-SPI-RPi-Pico/FatFs_SPI/ff15/source/ff.c.obj
 .text.dir_clear
                0x10008c42       0xf0 CMakeFiles/sd_fat_spi.dir/lib/no-OS-FatFS-SD-SPI-RPi-Pico/FatFs_SPI/ff15/source/ff.c.obj
 .text.dir_next
                0x10008d32      0x104 CMakeFiles/sd_fat_spi.dir/lib/no-OS-FatFS-SD-SPI-RPi-Pico/FatFs_SPI/ff15/source/ff.c.obj
 .text.dir_alloc
                0x10008e36       0x64 CMakeFiles/sd_fat_spi.dir/lib/no-OS-FatFS-SD-SPI-RPi-Pico/FatFs_SPI/ff15/source/ff.c.obj
 .text.load_xdir
                0x10008e9a      0x10c CMakeFiles/sd_fat_spi.dir/lib/no-OS-FatFS-SD-SPI-RPi-Pico/FatFs_SPI/ff15/source/ff.c.obj
 .text.load_obj_xdir
                0x10008fa6       0x34 CMakeFiles/sd_fat_spi.dir/lib/no-OS-FatFS-SD-SPI-RPi-Pico/FatFs_SPI/ff15/source/ff.c.obj
 .text.dir_read
                0x10008fda      0x114 CMakeFiles/sd_fat_spi.dir/lib/no-OS-FatFS-SD-SPI-RPi-Pico/FatFs_SPI/ff15/source/ff.c.obj
 *fill*         0x100090ee        0x2 
 .text.gen_numname
                0x100090f0       0xac CMakeFiles/sd_fat_spi.dir/lib/no-OS-FatFS-SD-SPI-RPi-Pico/FatFs_SPI/ff15/source/ff.c.obj
 .text.store_xdir
                0x1000919c       0x66 CMakeFiles/sd_fat_spi.dir/lib/no-OS-FatFS-SD-SPI-RPi-Pico/FatFs_SPI/ff15/source/ff.c.obj
 *fill*         0x10009202        0x2 
 .text.create_name
                0x10009204      0x330 CMakeFiles/sd_fat_spi.dir/lib/no-OS-FatFS-SD-SPI-RPi-Pico/FatFs_SPI/ff15/source/ff.c.obj
 .text.xname_sum
                0x10009534       0x38 CMakeFiles/sd_fat_spi.dir/lib/no-OS-FatFS-SD-SPI-RPi-Pico/FatFs_SPI/ff15/source/ff.c.obj
 .text.create_xdir
                0x1000956c       0x90 CMakeFiles/sd_fat_spi.dir/lib/no-OS-FatFS-SD-SPI-RPi-Pico/FatFs_SPI/ff15/source/ff.c.obj
 .text.cmp_lfn  0x100095fc       0xb0 CMakeFiles/sd_fat_spi.dir/lib/no-OS-FatFS-SD-SPI-RPi-Pico/FatFs_SPI/ff15/source/ff.c.obj
 .text.dir_find
                0x100096ac      0x18c CMakeFiles/sd_fat_spi.dir/lib/no-OS-FatFS-SD-SPI-RPi-Pico/FatFs_SPI/ff15/source/ff.c.obj
 .text.follow_path
                0x10009838      0x118 CMakeFiles/sd_fat_spi.dir/lib/no-OS-FatFS-SD-SPI-RPi-Pico/FatFs_SPI/ff15/source/ff.c.obj
 .text.dir_register
                0x10009950      0x204 CMakeFiles/sd_fat_spi.dir/lib/no-OS-FatFS-SD-SPI-RPi-Pico/FatFs_SPI/ff15/source/ff.c.obj
 .text.sync_fs  0x10009b54       0xa8 CMakeFiles/sd_fat_spi.dir/lib/no-OS-FatFS-SD-SPI-RPi-Pico/FatFs_SPI/ff15/source/ff.c.obj
 .text.f_mount  0x10009bfc       0x60 CMakeFiles/sd_fat_spi.dir/lib/no-OS-FatFS-SD-SPI-RPi-Pico/FatFs_SPI/ff15/source/ff.c.obj
                0x10009bfc                f_mount
 .text.f_open   0x10009c5c      0x34e CMakeFiles/sd_fat_spi.dir/lib/no-OS-FatFS-SD-SPI-RPi-Pico/FatFs_SPI/ff15/source/ff.c.obj
                0x10009c5c                f_open
 .text.f_read   0x10009faa      0x242 CMakeFiles/sd_fat_spi.dir/lib/no-OS-FatFS-SD-SPI-RPi-Pico/FatFs_SPI/ff15/source/ff.c.obj
                0x10009faa                f_read
 .text.f_write  0x1000a1ec      0x294 CMakeFiles/sd_fat_spi.dir/lib/no-OS-FatFS-SD-SPI-RPi-Pico/FatFs_SPI/ff15/source/ff.c.obj
                0x1000a1ec                f_write
 .text.putc_bfd
                0x1000a480      0x192 CMakeFiles/sd_fat_spi.dir/lib/no-OS-FatFS-SD-SPI-RPi-Pico/FatFs_SPI/ff15/source/ff.c.obj
 .text.putc_flush
                0x1000a612       0x3c CMakeFiles/sd_fat_spi.dir/lib/no-OS-FatFS-SD-SPI-RPi-Pico/FatFs_SPI/ff15/source/ff.c.obj
 .text.f_sync   0x1000a64e      0x176 CMakeFiles/sd_fat_spi.dir/lib/no-OS-FatFS-SD-SPI-RPi-Pico/FatFs_SPI/ff15/source/ff.c.obj
                0x1000a64e                f_sync
 .text.f_close  0x1000a7c4       0x2e CMakeFiles/sd_fat_spi.dir/lib/no-OS-FatFS-SD-SPI-RPi-Pico/FatFs_SPI/ff15/source/ff.c.obj
                0x1000a7c4                f_close
 *fill*         0x1000a7f2        0x2 
 .text.f_gets   0x1000a7f4      0x17c CMakeFiles/sd_fat_spi.dir/lib/no-OS-FatFS-SD-SPI-RPi-Pico/FatFs_SPI/ff15/source/ff.c.obj
                0x1000a7f4                f_gets
 .text.f_printf
                0x1000a970      0x404 CMakeFiles/sd_fat_spi.dir/lib/no-OS-FatFS-SD-SPI-RPi-Pico/FatFs_SPI/ff15/source/ff.c.obj
                0x1000a970                f_printf
 .text.sd_spi_deselect
                0x1000ad74       0x2c CMakeFiles/sd_fat_spi.dir/lib/no-OS-FatFS-SD-SPI-RPi-Pico/FatFs_SPI/sd_driver/sd_spi.c.obj
 .text.sd_spi_select
                0x1000ada0       0x2c CMakeFiles/sd_fat_spi.dir/lib/no-OS-FatFS-SD-SPI-RPi-Pico/FatFs_SPI/sd_driver/sd_spi.c.obj
 .text.sd_spi_lock
                0x1000adcc        0xa CMakeFiles/sd_fat_spi.dir/lib/no-OS-FatFS-SD-SPI-RPi-Pico/FatFs_SPI/sd_driver/sd_spi.c.obj
 .text.sd_spi_unlock
                0x1000add6        0xa CMakeFiles/sd_fat_spi.dir/lib/no-OS-FatFS-SD-SPI-RPi-Pico/FatFs_SPI/sd_driver/sd_spi.c.obj
 .text.update_us_since_boot
                0x1000ade0       0x24 CMakeFiles/sd_fat_spi.dir/lib/no-OS-FatFS-SD-SPI-RPi-Pico/FatFs_SPI/sd_driver/sd_spi.c.obj
 .text.delayed_by_ms
                0x1000ae04       0x44 CMakeFiles/sd_fat_spi.dir/lib/no-OS-FatFS-SD-SPI-RPi-Pico/FatFs_SPI/sd_driver/sd_spi.c.obj
 .text.get_absolute_time
                0x1000ae48       0x22 CMakeFiles/sd_fat_spi.dir/lib/no-OS-FatFS-SD-SPI-RPi-Pico/FatFs_SPI/sd_driver/sd_spi.c.obj
 .text.make_timeout_time_ms
                0x1000ae6a       0x20 CMakeFiles/sd_fat_spi.dir/lib/no-OS-FatFS-SD-SPI-RPi-Pico/FatFs_SPI/sd_driver/sd_spi.c.obj
 *fill*         0x1000ae8a        0x2 
 .text.sd_spi_go_high_frequency
                0x1000ae8c       0x24 CMakeFiles/sd_fat_spi.dir/lib/no-OS-FatFS-SD-SPI-RPi-Pico/FatFs_SPI/sd_driver/sd_spi.c.obj
                0x1000ae8c                sd_spi_go_high_frequency
 .text.sd_spi_go_low_frequency
                0x1000aeb0       0x28 CMakeFiles/sd_fat_spi.dir/lib/no-OS-FatFS-SD-SPI-RPi-Pico/FatFs_SPI/sd_driver/sd_spi.c.obj
                0x1000aeb0                sd_spi_go_low_frequency
 .text.sd_spi_deselect_pulse
                0x1000aed8       0x10 CMakeFiles/sd_fat_spi.dir/lib/no-OS-FatFS-SD-SPI-RPi-Pico/FatFs_SPI/sd_driver/sd_spi.c.obj
                0x1000aed8                sd_spi_deselect_pulse
 .text.sd_spi_acquire
                0x1000aee8       0x10 CMakeFiles/sd_fat_spi.dir/lib/no-OS-FatFS-SD-SPI-RPi-Pico/FatFs_SPI/sd_driver/sd_spi.c.obj
                0x1000aee8                sd_spi_acquire
 .text.sd_spi_release
                0x1000aef8       0x10 CMakeFiles/sd_fat_spi.dir/lib/no-OS-FatFS-SD-SPI-RPi-Pico/FatFs_SPI/sd_driver/sd_spi.c.obj
                0x1000aef8                sd_spi_release
 .text.sd_spi_transfer
                0x1000af08        0xa CMakeFiles/sd_fat_spi.dir/lib/no-OS-FatFS-SD-SPI-RPi-Pico/FatFs_SPI/sd_driver/sd_spi.c.obj
                0x1000af08                sd_spi_transfer
 *fill*         0x1000af12        0x2 
 .text.sd_spi_write
                0x1000af14       0x44 CMakeFiles/sd_fat_spi.dir/lib/no-OS-FatFS-SD-SPI-RPi-Pico/FatFs_SPI/sd_driver/sd_spi.c.obj
                0x1000af14                sd_spi_write
 .text.sd_spi_send_initializing_sequence
                0x1000af58       0x72 CMakeFiles/sd_fat_spi.dir/lib/no-OS-FatFS-SD-SPI-RPi-Pico/FatFs_SPI/sd_driver/sd_spi.c.obj
                0x1000af58                sd_spi_send_initializing_sequence
 .text.spi_get_by_rx_dma
                0x1000afca       0x2a CMakeFiles/sd_fat_spi.dir/lib/no-OS-FatFS-SD-SPI-RPi-Pico/FatFs_SPI/sd_driver/spi.c.obj
 .text.channel_config_set_chain_to
                0x1000aff4       0x30 CMakeFiles/sd_fat_spi.dir/lib/no-OS-FatFS-SD-SPI-RPi-Pico/FatFs_SPI/sd_driver/spi.c.obj
 .text.dma_channel_get_default_config
                0x1000b024       0x74 CMakeFiles/sd_fat_spi.dir/lib/no-OS-FatFS-SD-SPI-RPi-Pico/FatFs_SPI/sd_driver/spi.c.obj
 .text.channel_config_set_dreq
                0x1000b098       0x30 CMakeFiles/sd_fat_spi.dir/lib/no-OS-FatFS-SD-SPI-RPi-Pico/FatFs_SPI/sd_driver/spi.c.obj
 .text.spi_lock
                0x1000b0c8       0x30 CMakeFiles/sd_fat_spi.dir/lib/no-OS-FatFS-SD-SPI-RPi-Pico/FatFs_SPI/sd_driver/spi.c.obj
                0x1000b0c8                spi_lock
 .text.spi_unlock
                0x1000b0f8       0x30 CMakeFiles/sd_fat_spi.dir/lib/no-OS-FatFS-SD-SPI-RPi-Pico/FatFs_SPI/sd_driver/spi.c.obj
                0x1000b0f8                spi_unlock
 .text.my_spi_init
                0x1000b128      0x190 CMakeFiles/sd_fat_spi.dir/lib/no-OS-FatFS-SD-SPI-RPi-Pico/FatFs_SPI/sd_driver/spi.c.obj
                0x1000b128                my_spi_init
 .text.ext_bits
                0x1000b2b8       0x2e CMakeFiles/sd_fat_spi.dir/lib/no-OS-FatFS-SD-SPI-RPi-Pico/FatFs_SPI/sd_driver/sd_card.c.obj
 *fill*         0x1000b2e6        0x2 
 .text.sd_ctor  0x1000b2e8       0x28 CMakeFiles/sd_fat_spi.dir/lib/no-OS-FatFS-SD-SPI-RPi-Pico/FatFs_SPI/sd_driver/sd_card.c.obj
 .text.sd_lock  0x1000b310       0x30 CMakeFiles/sd_fat_spi.dir/lib/no-OS-FatFS-SD-SPI-RPi-Pico/FatFs_SPI/sd_driver/sd_card.c.obj
 .text.sd_acquire
                0x1000b340       0x10 CMakeFiles/sd_fat_spi.dir/lib/no-OS-FatFS-SD-SPI-RPi-Pico/FatFs_SPI/sd_driver/sd_card.c.obj
 .text.sd_cmd_spi
                0x1000b350       0x74 CMakeFiles/sd_fat_spi.dir/lib/no-OS-FatFS-SD-SPI-RPi-Pico/FatFs_SPI/sd_driver/sd_card.c.obj
 .text.update_us_since_boot
                0x1000b3c4       0x24 CMakeFiles/sd_fat_spi.dir/lib/no-OS-FatFS-SD-SPI-RPi-Pico/FatFs_SPI/sd_driver/sd_card.c.obj
 .text.delayed_by_ms
                0x1000b3e8       0x44 CMakeFiles/sd_fat_spi.dir/lib/no-OS-FatFS-SD-SPI-RPi-Pico/FatFs_SPI/sd_driver/sd_card.c.obj
 .text.get_absolute_time
                0x1000b42c       0x22 CMakeFiles/sd_fat_spi.dir/lib/no-OS-FatFS-SD-SPI-RPi-Pico/FatFs_SPI/sd_driver/sd_card.c.obj
 .text.make_timeout_time_ms
                0x1000b44e       0x20 CMakeFiles/sd_fat_spi.dir/lib/no-OS-FatFS-SD-SPI-RPi-Pico/FatFs_SPI/sd_driver/sd_card.c.obj
 *fill*         0x1000b46e        0x2 
 .text.sd_wait_ready
                0x1000b470       0x64 CMakeFiles/sd_fat_spi.dir/lib/no-OS-FatFS-SD-SPI-RPi-Pico/FatFs_SPI/sd_driver/sd_card.c.obj
 .text.sd_cmd   0x1000b4d4      0x2f0 CMakeFiles/sd_fat_spi.dir/lib/no-OS-FatFS-SD-SPI-RPi-Pico/FatFs_SPI/sd_driver/sd_card.c.obj
 .text.sd_cmd8  0x1000b7c4       0x50 CMakeFiles/sd_fat_spi.dir/lib/no-OS-FatFS-SD-SPI-RPi-Pico/FatFs_SPI/sd_driver/sd_card.c.obj
 .text.sd_wait_token
                0x1000b814       0x54 CMakeFiles/sd_fat_spi.dir/lib/no-OS-FatFS-SD-SPI-RPi-Pico/FatFs_SPI/sd_driver/sd_card.c.obj
 .text.sd_read_bytes
                0x1000b868       0x90 CMakeFiles/sd_fat_spi.dir/lib/no-OS-FatFS-SD-SPI-RPi-Pico/FatFs_SPI/sd_driver/sd_card.c.obj
 .text.sd_sectors_nolock
                0x1000b8f8      0x148 CMakeFiles/sd_fat_spi.dir/lib/no-OS-FatFS-SD-SPI-RPi-Pico/FatFs_SPI/sd_driver/sd_card.c.obj
 .text.sd_unlock
                0x1000ba40       0x30 CMakeFiles/sd_fat_spi.dir/lib/no-OS-FatFS-SD-SPI-RPi-Pico/FatFs_SPI/sd_driver/sd_card.c.obj
 .text.sd_release
                0x1000ba70       0x10 CMakeFiles/sd_fat_spi.dir/lib/no-OS-FatFS-SD-SPI-RPi-Pico/FatFs_SPI/sd_driver/sd_card.c.obj
 .text.sd_read_block
                0x1000ba80       0x88 CMakeFiles/sd_fat_spi.dir/lib/no-OS-FatFS-SD-SPI-RPi-Pico/FatFs_SPI/sd_driver/sd_card.c.obj
 .text.in_sd_read_blocks
                0x1000bb08       0xbc CMakeFiles/sd_fat_spi.dir/lib/no-OS-FatFS-SD-SPI-RPi-Pico/FatFs_SPI/sd_driver/sd_card.c.obj
 .text.sd_read_blocks
                0x1000bbc4       0x2e CMakeFiles/sd_fat_spi.dir/lib/no-OS-FatFS-SD-SPI-RPi-Pico/FatFs_SPI/sd_driver/sd_card.c.obj
                0x1000bbc4                sd_read_blocks
 *fill*         0x1000bbf2        0x2 
 .text.sd_write_block
                0x1000bbf4       0x88 CMakeFiles/sd_fat_spi.dir/lib/no-OS-FatFS-SD-SPI-RPi-Pico/FatFs_SPI/sd_driver/sd_card.c.obj
 .text.in_sd_write_blocks
                0x1000bc7c       0xfc CMakeFiles/sd_fat_spi.dir/lib/no-OS-FatFS-SD-SPI-RPi-Pico/FatFs_SPI/sd_driver/sd_card.c.obj
 .text.sd_write_blocks
                0x1000bd78       0x2e CMakeFiles/sd_fat_spi.dir/lib/no-OS-FatFS-SD-SPI-RPi-Pico/FatFs_SPI/sd_driver/sd_card.c.obj
                0x1000bd78                sd_write_blocks
 *fill*         0x1000bda6        0x2 
 .text.sd_go_idle_state
                0x1000bda8       0x44 CMakeFiles/sd_fat_spi.dir/lib/no-OS-FatFS-SD-SPI-RPi-Pico/FatFs_SPI/sd_driver/sd_card.c.obj
 .text.sd_init_medium
                0x1000bdec      0x13c CMakeFiles/sd_fat_spi.dir/lib/no-OS-FatFS-SD-SPI-RPi-Pico/FatFs_SPI/sd_driver/sd_card.c.obj
 .text.sd_card_detect
                0x1000bf28       0x50 CMakeFiles/sd_fat_spi.dir/lib/no-OS-FatFS-SD-SPI-RPi-Pico/FatFs_SPI/sd_driver/sd_card.c.obj
                0x1000bf28                sd_card_detect
 .text.sd_init  0x1000bf78       0xe8 CMakeFiles/sd_fat_spi.dir/lib/no-OS-FatFS-SD-SPI-RPi-Pico/FatFs_SPI/sd_driver/sd_card.c.obj
 .text.sd_sectors
                0x1000c060       0x1e CMakeFiles/sd_fat_spi.dir/lib/no-OS-FatFS-SD-SPI-RPi-Pico/FatFs_SPI/sd_driver/sd_card.c.obj
                0x1000c060                sd_sectors
 *fill*         0x1000c07e        0x2 
 .text.sd_init_driver
                0x1000c080       0xc0 CMakeFiles/sd_fat_spi.dir/lib/no-OS-FatFS-SD-SPI-RPi-Pico/FatFs_SPI/sd_driver/sd_card.c.obj
                0x1000c080                sd_init_driver
 .text.crc7     0x1000c140       0x20 CMakeFiles/sd_fat_spi.dir/lib/no-OS-FatFS-SD-SPI-RPi-Pico/FatFs_SPI/sd_driver/crc.c.obj
                0x1000c140                crc7
 .text.crc16    0x1000c160       0x28 CMakeFiles/sd_fat_spi.dir/lib/no-OS-FatFS-SD-SPI-RPi-Pico/FatFs_SPI/sd_driver/crc.c.obj
                0x1000c160                crc16
 .text.sdrc2dresult
                0x1000c188       0x60 CMakeFiles/sd_fat_spi.dir/lib/no-OS-FatFS-SD-SPI-RPi-Pico/FatFs_SPI/src/glue.c.obj
 .text.disk_status
                0x1000c1e8       0x16 CMakeFiles/sd_fat_spi.dir/lib/no-OS-FatFS-SD-SPI-RPi-Pico/FatFs_SPI/src/glue.c.obj
                0x1000c1e8                disk_status
 .text.disk_initialize
                0x1000c1fe       0x2a CMakeFiles/sd_fat_spi.dir/lib/no-OS-FatFS-SD-SPI-RPi-Pico/FatFs_SPI/src/glue.c.obj
                0x1000c1fe                disk_initialize
 .text.disk_read
                0x1000c228       0x32 CMakeFiles/sd_fat_spi.dir/lib/no-OS-FatFS-SD-SPI-RPi-Pico/FatFs_SPI/src/glue.c.obj
                0x1000c228                disk_read
 .text.disk_write
                0x1000c25a       0x32 CMakeFiles/sd_fat_spi.dir/lib/no-OS-FatFS-SD-SPI-RPi-Pico/FatFs_SPI/src/glue.c.obj
                0x1000c25a                disk_write
 .text.disk_ioctl
                0x1000c28c       0x4c CMakeFiles/sd_fat_spi.dir/lib/no-OS-FatFS-SD-SPI-RPi-Pico/FatFs_SPI/src/glue.c.obj
                0x1000c28c                disk_ioctl
 .text.my_printf
                0x1000c2d8       0x4c CMakeFiles/sd_fat_spi.dir/lib/no-OS-FatFS-SD-SPI-RPi-Pico/FatFs_SPI/src/my_debug.c.obj
                0x1000c2d8                my_printf
 .text.my_assert_func
                0x1000c324       0x30 CMakeFiles/sd_fat_spi.dir/lib/no-OS-FatFS-SD-SPI-RPi-Pico/FatFs_SPI/src/my_debug.c.obj
                0x1000c324                my_assert_func
 .text.get_fattime
                0x1000c354       0x6c CMakeFiles/sd_fat_spi.dir/lib/no-OS-FatFS-SD-SPI-RPi-Pico/FatFs_SPI/src/rtc.c.obj
                0x1000c354                get_fattime
 .text.spi_set_baudrate
                0x1000c3c0       0x92 CMakeFiles/sd_fat_spi.dir/C_/VSARM/sdk/pico/pico-sdk/src/rp2_common/hardware_spi/spi.c.obj
                0x1000c3c0                spi_set_baudrate
 *fill*         0x1000c452        0x2 
 .text.spi_init
                0x1000c454       0x68 CMakeFiles/sd_fat_spi.dir/C_/VSARM/sdk/pico/pico-sdk/src/rp2_common/hardware_spi/spi.c.obj
                0x1000c454                spi_init
 .text.dma_claim_unused_channel
                0x1000c4bc       0x24 CMakeFiles/sd_fat_spi.dir/C_/VSARM/sdk/pico/pico-sdk/src/rp2_common/hardware_dma/dma.c.obj
                0x1000c4bc                dma_claim_unused_channel
 .text.rtc_running
                0x1000c4e0       0x10 CMakeFiles/sd_fat_spi.dir/C_/VSARM/sdk/pico/pico-sdk/src/rp2_common/hardware_rtc/rtc.c.obj
                0x1000c4e0                rtc_running
 .text.rtc_get_datetime
                0x1000c4f0       0x4c CMakeFiles/sd_fat_spi.dir/C_/VSARM/sdk/pico/pico-sdk/src/rp2_common/hardware_rtc/rtc.c.obj
                0x1000c4f0                rtc_get_datetime
 .text.malloc   0x1000c53c       0x14 c:/vsarm/armcc/12977f~1.2mp/bin/../lib/gcc/arm-none-eabi/12.2.1/thumb/v6-m/nofp\libg.a(libc_a-malloc.o)
                0x1000c53c                malloc
 .text.free     0x1000c550       0x14 c:/vsarm/armcc/12977f~1.2mp/bin/../lib/gcc/arm-none-eabi/12.2.1/thumb/v6-m/nofp\libg.a(libc_a-malloc.o)
                0x1000c550                free
 .text._malloc_r
                0x1000c564      0x5c4 c:/vsarm/armcc/12977f~1.2mp/bin/../lib/gcc/arm-none-eabi/12.2.1/thumb/v6-m/nofp\libg.a(libc_a-mallocr.o)
                0x1000c564                _malloc_r
 .text.__malloc_lock
                0x1000cb28       0x10 c:/vsarm/armcc/12977f~1.2mp/bin/../lib/gcc/arm-none-eabi/12.2.1/thumb/v6-m/nofp\libg.a(libc_a-mlock.o)
                0x1000cb28                __malloc_lock
 .text.__malloc_unlock
                0x1000cb38       0x10 c:/vsarm/armcc/12977f~1.2mp/bin/../lib/gcc/arm-none-eabi/12.2.1/thumb/v6-m/nofp\libg.a(libc_a-mlock.o)
                0x1000cb38                __malloc_unlock
 .text.__sflush_r
                0x1000cb48      0x148 c:/vsarm/armcc/12977f~1.2mp/bin/../lib/gcc/arm-none-eabi/12.2.1/thumb/v6-m/nofp\libg.a(libc_a-fflush.o)
                0x1000cb48                __sflush_r
 .text._fflush_r
                0x1000cc90       0x68 c:/vsarm/armcc/12977f~1.2mp/bin/../lib/gcc/arm-none-eabi/12.2.1/thumb/v6-m/nofp\libg.a(libc_a-fflush.o)
                0x1000cc90                _fflush_r
 .text.fflush   0x1000ccf8       0x7c c:/vsarm/armcc/12977f~1.2mp/bin/../lib/gcc/arm-none-eabi/12.2.1/thumb/v6-m/nofp\libg.a(libc_a-fflush.o)
                0x1000ccf8                fflush
 .text.stdio_exit_handler
                0x1000cd74       0x1c c:/vsarm/armcc/12977f~1.2mp/bin/../lib/gcc/arm-none-eabi/12.2.1/thumb/v6-m/nofp\libg.a(libc_a-findfp.o)
 .text.cleanup_stdio
                0x1000cd90       0x3c c:/vsarm/armcc/12977f~1.2mp/bin/../lib/gcc/arm-none-eabi/12.2.1/thumb/v6-m/nofp\libg.a(libc_a-findfp.o)
 .text.global_stdio_init.part.0
                0x1000cdcc      0x118 c:/vsarm/armcc/12977f~1.2mp/bin/../lib/gcc/arm-none-eabi/12.2.1/thumb/v6-m/nofp\libg.a(libc_a-findfp.o)
 .text.__sinit  0x1000cee4       0x38 c:/vsarm/armcc/12977f~1.2mp/bin/../lib/gcc/arm-none-eabi/12.2.1/thumb/v6-m/nofp\libg.a(libc_a-findfp.o)
                0x1000cee4                __sinit
 .text.__sfp_lock_acquire
                0x1000cf1c       0x10 c:/vsarm/armcc/12977f~1.2mp/bin/../lib/gcc/arm-none-eabi/12.2.1/thumb/v6-m/nofp\libg.a(libc_a-findfp.o)
                0x1000cf1c                __sfp_lock_acquire
 .text.__sfp_lock_release
                0x1000cf2c       0x10 c:/vsarm/armcc/12977f~1.2mp/bin/../lib/gcc/arm-none-eabi/12.2.1/thumb/v6-m/nofp\libg.a(libc_a-findfp.o)
                0x1000cf2c                __sfp_lock_release
 .text._fwalk_sglue
                0x1000cf3c       0x44 c:/vsarm/armcc/12977f~1.2mp/bin/../lib/gcc/arm-none-eabi/12.2.1/thumb/v6-m/nofp\libg.a(libc_a-fwalk.o)
                0x1000cf3c                _fwalk_sglue
 .text.__sread  0x1000cf80       0x28 c:/vsarm/armcc/12977f~1.2mp/bin/../lib/gcc/arm-none-eabi/12.2.1/thumb/v6-m/nofp\libg.a(libc_a-stdio.o)
                0x1000cf80                __sread
 .text.__swrite
                0x1000cfa8       0x40 c:/vsarm/armcc/12977f~1.2mp/bin/../lib/gcc/arm-none-eabi/12.2.1/thumb/v6-m/nofp\libg.a(libc_a-stdio.o)
                0x1000cfa8                __swrite
 .text.__sseek  0x1000cfe8       0x30 c:/vsarm/armcc/12977f~1.2mp/bin/../lib/gcc/arm-none-eabi/12.2.1/thumb/v6-m/nofp\libg.a(libc_a-stdio.o)
                0x1000cfe8                __sseek
 .text.__sclose
                0x1000d018        0xc c:/vsarm/armcc/12977f~1.2mp/bin/../lib/gcc/arm-none-eabi/12.2.1/thumb/v6-m/nofp\libg.a(libc_a-stdio.o)
                0x1000d018                __sclose
 .text.memcmp   0x1000d024       0x44 c:/vsarm/armcc/12977f~1.2mp/bin/../lib/gcc/arm-none-eabi/12.2.1/thumb/v6-m/nofp\libg.a(libc_a-memcmp.o)
                0x1000d024                memcmp
 .text.strchr   0x1000d068       0xc4 c:/vsarm/armcc/12977f~1.2mp/bin/../lib/gcc/arm-none-eabi/12.2.1/thumb/v6-m/nofp\libg.a(libc_a-strchr.o)
                0x1000d068                strchr
 .text._close_r
                0x1000d12c       0x24 c:/vsarm/armcc/12977f~1.2mp/bin/../lib/gcc/arm-none-eabi/12.2.1/thumb/v6-m/nofp\libg.a(libc_a-closer.o)
                0x1000d12c                _close_r
 .text._lseek_r
                0x1000d150       0x28 c:/vsarm/armcc/12977f~1.2mp/bin/../lib/gcc/arm-none-eabi/12.2.1/thumb/v6-m/nofp\libg.a(libc_a-lseekr.o)
                0x1000d150                _lseek_r
 .text._read_r  0x1000d178       0x28 c:/vsarm/armcc/12977f~1.2mp/bin/../lib/gcc/arm-none-eabi/12.2.1/thumb/v6-m/nofp\libg.a(libc_a-readr.o)
                0x1000d178                _read_r
 .text._sbrk_r  0x1000d1a0       0x24 c:/vsarm/armcc/12977f~1.2mp/bin/../lib/gcc/arm-none-eabi/12.2.1/thumb/v6-m/nofp\libg.a(libc_a-sbrkr.o)
                0x1000d1a0                _sbrk_r
 .text._write_r
                0x1000d1c4       0x28 c:/vsarm/armcc/12977f~1.2mp/bin/../lib/gcc/arm-none-eabi/12.2.1/thumb/v6-m/nofp\libg.a(libc_a-writer.o)
                0x1000d1c4                _write_r
 .text.__errno  0x1000d1ec        0xc c:/vsarm/armcc/12977f~1.2mp/bin/../lib/gcc/arm-none-eabi/12.2.1/thumb/v6-m/nofp\libg.a(libc_a-errno.o)
                0x1000d1ec                __errno
 .text.__retarget_lock_init_recursive
                0x1000d1f8        0x4 c:/vsarm/armcc/12977f~1.2mp/bin/../lib/gcc/arm-none-eabi/12.2.1/thumb/v6-m/nofp\libg.a(libc_a-lock.o)
                0x1000d1f8                __retarget_lock_init_recursive
 .text.__retarget_lock_close_recursive
                0x1000d1fc        0x4 c:/vsarm/armcc/12977f~1.2mp/bin/../lib/gcc/arm-none-eabi/12.2.1/thumb/v6-m/nofp\libg.a(libc_a-lock.o)
                0x1000d1fc                __retarget_lock_close_recursive
 .text.__retarget_lock_acquire_recursive
                0x1000d200        0x4 c:/vsarm/armcc/12977f~1.2mp/bin/../lib/gcc/arm-none-eabi/12.2.1/thumb/v6-m/nofp\libg.a(libc_a-lock.o)
                0x1000d200                __retarget_lock_acquire_recursive
 .text.__retarget_lock_release_recursive
                0x1000d204        0x4 c:/vsarm/armcc/12977f~1.2mp/bin/../lib/gcc/arm-none-eabi/12.2.1/thumb/v6-m/nofp\libg.a(libc_a-lock.o)